<?xml version="1.0" encoding="UTF-8"?>
<map:map xmlns:map="http://www.indy.com/v2/map" id="_luus0CwxEeyq-96bFbiw2A" internalVersion="7" tech="resource.tech#_waYSMH8VEd2__Mzb_dB76A?fileId=_waYSMH8VEd2__Mzb_dB76A$type=tech$name=flow?">
  <datastore id="_luvT5ywxEeyq-96bFbiw2A" alias="A_UNI_VTE_CPT" dataset="_luv7OCwxEeyq-96bFbiw2A" priorityOrder="0" ref="resource.md#_fvz4YCtiEeyq-96bFbiw2A?fileId=_gLc6ECs3Eeyq-96bFbiw2A$type=md$name=A_UNI_VTE_CPT?" subExpression="[A]">
    <field id="_luvT6CwxEeyq-96bFbiw2A" enable="true" insert="true" name="ID_ENS" ref="resource.md#_f1iF4CtiEeyq-96bFbiw2A?fileId=_gLc6ECs3Eeyq-96bFbiw2A$type=md$name=ID_ENS?" update="true" updateKey="false">
      <expression id="_luvT6SwxEeyq-96bFbiw2A" setDescriptorRef="_luvUBywxEeyq-96bFbiw2A">
        <expression>stage_union_all.ID_ENS</expression>
      </expression>
    </field>
    <field id="_luvT6iwxEeyq-96bFbiw2A" enable="true" insert="true" name="MT_MG_CPT_JAM1" ref="resource.md#_f7_6QCtiEeyq-96bFbiw2A?fileId=_gLc6ECs3Eeyq-96bFbiw2A$type=md$name=MT_MG_CPT_JAM1?" update="true">
      <expression id="_luvT6ywxEeyq-96bFbiw2A" aggregate="true" setDescriptorRef="_luvUBywxEeyq-96bFbiw2A">
        <expression>sum(stage_union_all.MT_MG_CPT_JAM1)</expression>
      </expression>
    </field>
    <field id="_luvT7CwxEeyq-96bFbiw2A" enable="true" insert="true" name="DT_MDF_T" ref="resource.md#_f_47wCtiEeyq-96bFbiw2A?fileId=_gLc6ECs3Eeyq-96bFbiw2A$type=md$name=DT_MDF_T?" update="true">
      <expression id="_luvT7SwxEeyq-96bFbiw2A" location="TRG" setDescriptorRef="_luvUBywxEeyq-96bFbiw2A">
        <expression>current_date</expression>
      </expression>
    </field>
    <field id="_luvT7iwxEeyq-96bFbiw2A" enable="true" insert="true" name="MT_OBJ_MG_JA" ref="resource.md#_f--VwCtiEeyq-96bFbiw2A?fileId=_gLc6ECs3Eeyq-96bFbiw2A$type=md$name=MT_OBJ_MG_JA?" update="true">
      <expression id="_luvT7ywxEeyq-96bFbiw2A" aggregate="true" setDescriptorRef="_luvUBywxEeyq-96bFbiw2A">
        <expression>sum(stage_union_all.MT_OBJ_MG_JA)</expression>
      </expression>
    </field>
    <field id="_luvT8CwxEeyq-96bFbiw2A" enable="true" insert="true" name="ID_CDP" ref="resource.md#_f3a8QCtiEeyq-96bFbiw2A?fileId=_gLc6ECs3Eeyq-96bFbiw2A$type=md$name=ID_CDP?" update="true" updateKey="false">
      <expression id="_luvT8SwxEeyq-96bFbiw2A" setDescriptorRef="_luvUBywxEeyq-96bFbiw2A">
        <expression>stage_union_all.ID_CDP</expression>
      </expression>
    </field>
    <field id="_luvT8iwxEeyq-96bFbiw2A" enable="true" insert="true" name="MT_CA_CPT_JAM1" ref="resource.md#_f7Q6cCtiEeyq-96bFbiw2A?fileId=_gLc6ECs3Eeyq-96bFbiw2A$type=md$name=MT_CA_CPT_JAM1?" update="true">
      <expression id="_luvT8ywxEeyq-96bFbiw2A" aggregate="true" setDescriptorRef="_luvUBywxEeyq-96bFbiw2A">
        <expression>sum(stage_union_all.MT_CA_CPT_JAM1)</expression>
      </expression>
    </field>
    <field id="_luvT9CwxEeyq-96bFbiw2A" enable="true" insert="true" name="DT_COMPTA" ref="resource.md#_f0gyMCtiEeyq-96bFbiw2A?fileId=_gLc6ECs3Eeyq-96bFbiw2A$type=md$name=DT_COMPTA?" update="true" updateKey="true">
      <expression id="_luvT9SwxEeyq-96bFbiw2A" setDescriptorRef="_luvUBywxEeyq-96bFbiw2A">
        <expression>stage_union_all.DT_COMPTA</expression>
      </expression>
    </field>
    <field id="_luvT9iwxEeyq-96bFbiw2A" enable="true" insert="true" name="MT_MG_CPT_JCAM1" ref="resource.md#_f9QegCtiEeyq-96bFbiw2A?fileId=_gLc6ECs3Eeyq-96bFbiw2A$type=md$name=MT_MG_CPT_JCAM1?" update="true">
      <expression id="_luvT9ywxEeyq-96bFbiw2A" aggregate="true" setDescriptorRef="_luvUBywxEeyq-96bFbiw2A">
        <expression>sum(stage_union_all.MT_MG_CPT_JCAM1)</expression>
      </expression>
    </field>
    <field id="_luvT-CwxEeyq-96bFbiw2A" enable="true" insert="true" name="MT_OBJ_CA_JA" ref="resource.md#_f-P9ACtiEeyq-96bFbiw2A?fileId=_gLc6ECs3Eeyq-96bFbiw2A$type=md$name=MT_OBJ_CA_JA?" update="true">
      <expression id="_luvT-SwxEeyq-96bFbiw2A" aggregate="true" setDescriptorRef="_luvUBywxEeyq-96bFbiw2A">
        <expression>sum(stage_union_all.MT_OBJ_CA_JA)</expression>
      </expression>
    </field>
    <field id="_luvT-iwxEeyq-96bFbiw2A" enable="true" insert="true" name="ID_CAT_PRD_KH" ref="resource.md#_f4WwYCtiEeyq-96bFbiw2A?fileId=_gLc6ECs3Eeyq-96bFbiw2A$type=md$name=ID_CAT_PRD_KH?" update="true" updateKey="false">
      <expression id="_luvT-ywxEeyq-96bFbiw2A" setDescriptorRef="_luvUBywxEeyq-96bFbiw2A">
        <expression>stage_union_all.ID_CAT_PRD_KH</expression>
      </expression>
    </field>
    <field id="_luvT_CwxEeyq-96bFbiw2A" enable="true" insert="true" name="NO_TRT_T" ref="resource.md#_gAxFgCtiEeyq-96bFbiw2A?fileId=_gLc6ECs3Eeyq-96bFbiw2A$type=md$name=NO_TRT_T?" update="true">
      <expression id="_luvT_SwxEeyq-96bFbiw2A" location="TRG" setDescriptorRef="_luvUBywxEeyq-96bFbiw2A">
        <expression>1</expression>
      </expression>
    </field>
    <field id="_luvT_iwxEeyq-96bFbiw2A" enable="true" insert="true" name="MT_CA_CPT_JCAM1" ref="resource.md#_f8mXMCtiEeyq-96bFbiw2A?fileId=_gLc6ECs3Eeyq-96bFbiw2A$type=md$name=MT_CA_CPT_JCAM1?" update="true">
      <expression id="_luvT_ywxEeyq-96bFbiw2A" aggregate="true" setDescriptorRef="_luvUBywxEeyq-96bFbiw2A">
        <expression>sum(stage_union_all.MT_CA_CPT_JCAM1)</expression>
      </expression>
    </field>
    <field id="_luvUACwxEeyq-96bFbiw2A" enable="true" insert="true" name="MT_CA_CPT_JA" ref="resource.md#_f5IzgCtiEeyq-96bFbiw2A?fileId=_gLc6ECs3Eeyq-96bFbiw2A$type=md$name=MT_CA_CPT_JA?" update="true">
      <expression id="_luvUASwxEeyq-96bFbiw2A" aggregate="true" setDescriptorRef="_luvUBywxEeyq-96bFbiw2A">
        <expression>sum(stage_union_all.MT_CA_CPT_JA)</expression>
      </expression>
    </field>
    <field id="_luvUAiwxEeyq-96bFbiw2A" enable="true" insert="true" name="ID_PAYS" ref="resource.md#_f2vm0CtiEeyq-96bFbiw2A?fileId=_gLc6ECs3Eeyq-96bFbiw2A$type=md$name=ID_PAYS?" update="true" updateKey="false">
      <expression id="_luvUAywxEeyq-96bFbiw2A" setDescriptorRef="_luvUBywxEeyq-96bFbiw2A">
        <expression>stage_union_all.ID_PAYS</expression>
      </expression>
    </field>
    <field id="_luvUBCwxEeyq-96bFbiw2A" enable="true" insert="true" name="MT_MG_CPT_JA" ref="resource.md#_f53zUCtiEeyq-96bFbiw2A?fileId=_gLc6ECs3Eeyq-96bFbiw2A$type=md$name=MT_MG_CPT_JA?" update="true">
      <expression id="_luvUBSwxEeyq-96bFbiw2A" aggregate="true" setDescriptorRef="_luvUBywxEeyq-96bFbiw2A">
        <expression>sum(stage_union_all.MT_MG_CPT_JA)</expression>
      </expression>
    </field>
    <constraint id="_luvUBiwxEeyq-96bFbiw2A" name="A_UNI_VTE_CPT_PK" ref="resource.md#_gDQ_4CtiEeyq-96bFbiw2A?fileId=_gLc6ECs3Eeyq-96bFbiw2A$type=md$name=A_UNI_VTE_CPT_PK?" reject="true"/>
    <setDescriptor id="_luvUBywxEeyq-96bFbiw2A" label="A"/>
  </datastore>
  <datastore id="_IVpdgCwyEeyq-96bFbiw2A" alias="F_VTE_KH" dataset="_IVr5wCwyEeyq-96bFbiw2A" ref="resource.md#_bqMqgSs5Eeyq-96bFbiw2A?fileId=_gLc6ECs3Eeyq-96bFbiw2A$type=md$name=F_VTE_KH?">
    <field id="_IVqEkSwyEeyq-96bFbiw2A" name="CD_ENS_K1" ref="resource.md#_bt3pkCs5Eeyq-96bFbiw2A?fileId=_gLc6ECs3Eeyq-96bFbiw2A$type=md$name=CD_ENS_K1?"/>
    <field id="_IVqrpCwyEeyq-96bFbiw2A" name="NO_TRT_T" ref="resource.md#_cEyUwCs5Eeyq-96bFbiw2A?fileId=_gLc6ECs3Eeyq-96bFbiw2A$type=md$name=NO_TRT_T?"/>
    <field id="_IVqroywyEeyq-96bFbiw2A" fullAlias="DT_MDF_T" name="DT_MDF_T" ref="resource.md#_cD3uwCs5Eeyq-96bFbiw2A?fileId=_gLc6ECs3Eeyq-96bFbiw2A$type=md$name=DT_MDF_T?"/>
    <field id="_IVqroCwyEeyq-96bFbiw2A" fullAlias="MT_MG_CPT" name="MT_MG_CPT" ref="resource.md#_b7cykCs5Eeyq-96bFbiw2A?fileId=_gLc6ECs3Eeyq-96bFbiw2A$type=md$name=MT_MG_CPT?"/>
    <field id="_IVqroiwyEeyq-96bFbiw2A" name="CD_FLX_SRC_T" ref="resource.md#_b-RdECs5Eeyq-96bFbiw2A?fileId=_gLc6ECs3Eeyq-96bFbiw2A$type=md$name=CD_FLX_SRC_T?"/>
    <field id="_IVqEkCwyEeyq-96bFbiw2A" name="ID_VTE_KH" ref="resource.md#_bswPQCs5Eeyq-96bFbiw2A?fileId=_gLc6ECs3Eeyq-96bFbiw2A$type=md$name=ID_VTE_KH?" updateKey="true"/>
    <field id="_IVqElSwyEeyq-96bFbiw2A" fullAlias="ID_CAT_PRD_KH" name="ID_CAT_PRD_KH" ref="resource.md#_bypb4Cs5Eeyq-96bFbiw2A?fileId=_gLc6ECs3Eeyq-96bFbiw2A$type=md$name=ID_CAT_PRD_KH?"/>
    <field id="_IVqElywyEeyq-96bFbiw2A" fullAlias="ID_PAYS" name="ID_PAYS" ref="resource.md#_b0nKwCs5Eeyq-96bFbiw2A?fileId=_gLc6ECs3Eeyq-96bFbiw2A$type=md$name=ID_PAYS?"/>
    <field id="_IVqEkywyEeyq-96bFbiw2A" name="CD_CAT_PRD_KH_K3" ref="resource.md#_bvn9ECs5Eeyq-96bFbiw2A?fileId=_gLc6ECs3Eeyq-96bFbiw2A$type=md$name=CD_CAT_PRD_KH_K3?"/>
    <field id="_IVqEmCwyEeyq-96bFbiw2A" fullAlias="MT_CA_CPT" name="MT_CA_CPT" ref="resource.md#_b1sv4Cs5Eeyq-96bFbiw2A?fileId=_gLc6ECs3Eeyq-96bFbiw2A$type=md$name=MT_CA_CPT?"/>
    <field id="_IVqroSwyEeyq-96bFbiw2A" name="CL_SIO_T" ref="resource.md#_b9TMsCs5Eeyq-96bFbiw2A?fileId=_gLc6ECs3Eeyq-96bFbiw2A$type=md$name=CL_SIO_T?"/>
    <field id="_IVqEkiwyEeyq-96bFbiw2A" fullAlias="DT_COMPTA_K2" name="DT_COMPTA_K2" ref="resource.md#_bu6LYCs5Eeyq-96bFbiw2A?fileId=_gLc6ECs3Eeyq-96bFbiw2A$type=md$name=DT_COMPTA_K2?"/>
    <field id="_IVqElCwyEeyq-96bFbiw2A" fullAlias="ID_ENS" name="ID_ENS" ref="resource.md#_bxnhICs5Eeyq-96bFbiw2A?fileId=_gLc6ECs3Eeyq-96bFbiw2A$type=md$name=ID_ENS?"/>
    <field id="_IVqEliwyEeyq-96bFbiw2A" fullAlias="ID_CDP" name="ID_CDP" ref="resource.md#_bzoTUCs5Eeyq-96bFbiw2A?fileId=_gLc6ECs3Eeyq-96bFbiw2A$type=md$name=ID_CDP?"/>
    <constraint id="_IVqrpSwyEeyq-96bFbiw2A" name="F_VTE_KH_PK" ref="resource.md#_cHd1UCs5Eeyq-96bFbiw2A?fileId=_gLc6ECs3Eeyq-96bFbiw2A$type=md$name=F_VTE_KH_PK?" reject="true"/>
    <constraint id="_IVqrpiwyEeyq-96bFbiw2A" name="FK_PAYS" ref="resource.md#_eok0cStrEeyq-96bFbiw2A?fileId=_gLc6ECs3Eeyq-96bFbiw2A$type=md$name=FK_PAYS?" reject="true"/>
    <constraint id="_IVqrpywyEeyq-96bFbiw2A" name="CK_VTE_KH_MT_CA_CPT" ref="resource.md#_aR3S5itrEeyq-96bFbiw2A?fileId=_gLc6ECs3Eeyq-96bFbiw2A$type=md$name=CK_VTE_KH_MT_CA_CPT?" reject="true"/>
  </datastore>
  <datastore id="__0xZ4Cw3Eeyq-96bFbiw2A" alias="D_DAT" dataset="__02SYCw3Eeyq-96bFbiw2A" ref="resource.md#_b_yjYStiEeyq-96bFbiw2A?fileId=_gLc6ECs3Eeyq-96bFbiw2A$type=md$name=D_DAT?">
    <field id="__0yoBSw3Eeyq-96bFbiw2A" name="NO_JOU_MOI" ref="resource.md#_cO-O4CtiEeyq-96bFbiw2A?fileId=_gLc6ECs3Eeyq-96bFbiw2A$type=md$name=NO_JOU_MOI?"/>
    <field id="__0yoBiw3Eeyq-96bFbiw2A" name="NO_JOU_SEM_FR" ref="resource.md#_cP6qECtiEeyq-96bFbiw2A?fileId=_gLc6ECs3Eeyq-96bFbiw2A$type=md$name=NO_JOU_SEM_FR?"/>
    <field id="__0yoCCw3Eeyq-96bFbiw2A" name="NO_MOI" ref="resource.md#_cR_GoCtiEeyq-96bFbiw2A?fileId=_gLc6ECs3Eeyq-96bFbiw2A$type=md$name=NO_MOI?"/>
    <field id="__0yoAyw3Eeyq-96bFbiw2A" name="LL_JOU" ref="resource.md#_cNBuICtiEeyq-96bFbiw2A?fileId=_gLc6ECs3Eeyq-96bFbiw2A$type=md$name=LL_JOU?"/>
    <field id="__0z2ISw3Eeyq-96bFbiw2A" name="YMD_DEB_JOU_MOI" ref="resource.md#_cgfcsCtiEeyq-96bFbiw2A?fileId=_gLc6ECs3Eeyq-96bFbiw2A$type=md$name=YMD_DEB_JOU_MOI?"/>
    <field id="__0zPFSw3Eeyq-96bFbiw2A" name="NBR_MOI_CPTR" ref="resource.md#_caF5wCtiEeyq-96bFbiw2A?fileId=_gLc6ECs3Eeyq-96bFbiw2A$type=md$name=NBR_MOI_CPTR?"/>
    <field id="__0zPFiw3Eeyq-96bFbiw2A" name="YMD_JOU_DEB_SEM" ref="resource.md#_ca5LACtiEeyq-96bFbiw2A?fileId=_gLc6ECs3Eeyq-96bFbiw2A$type=md$name=YMD_JOU_DEB_SEM?"/>
    <field id="__0z2ICw3Eeyq-96bFbiw2A" name="NOM_FIC_SRC" ref="resource.md#_cfldwCtiEeyq-96bFbiw2A?fileId=_gLc6ECs3Eeyq-96bFbiw2A$type=md$name=NOM_FIC_SRC?"/>
    <field id="__0zPFCw3Eeyq-96bFbiw2A" name="NBR_JOU_CPTR" ref="resource.md#_cZNI8CtiEeyq-96bFbiw2A?fileId=_gLc6ECs3Eeyq-96bFbiw2A$type=md$name=NBR_JOU_CPTR?"/>
    <field id="__0yA8iw3Eeyq-96bFbiw2A" name="TT_DAT" ref="resource.md#_cEEmcCtiEeyq-96bFbiw2A?fileId=_gLc6ECs3Eeyq-96bFbiw2A$type=md$name=TT_DAT?"/>
    <field id="__0zPEyw3Eeyq-96bFbiw2A" name="IN_JOU_FER_FR" ref="resource.md#_cYjosCtiEeyq-96bFbiw2A?fileId=_gLc6ECs3Eeyq-96bFbiw2A$type=md$name=IN_JOU_FER_FR?"/>
    <field id="__0yA8yw3Eeyq-96bFbiw2A" name="MM_CIV" ref="resource.md#_cE8JICtiEeyq-96bFbiw2A?fileId=_gLc6ECs3Eeyq-96bFbiw2A$type=md$name=MM_CIV?"/>
    <field id="__0yA9yw3Eeyq-96bFbiw2A" name="AT_DAT" ref="resource.md#_cIi2wCtiEeyq-96bFbiw2A?fileId=_gLc6ECs3Eeyq-96bFbiw2A$type=md$name=AT_DAT?"/>
    <field id="__0yA-Sw3Eeyq-96bFbiw2A" name="AM_COM" ref="resource.md#_cKNqsCtiEeyq-96bFbiw2A?fileId=_gLc6ECs3Eeyq-96bFbiw2A$type=md$name=AM_COM?"/>
    <field id="__0yA9Sw3Eeyq-96bFbiw2A" name="LL_MOI_CIV" ref="resource.md#_cGfoUCtiEeyq-96bFbiw2A?fileId=_gLc6ECs3Eeyq-96bFbiw2A$type=md$name=LL_MOI_CIV?"/>
    <field id="__0yA-Cw3Eeyq-96bFbiw2A" name="AM_CIV" ref="resource.md#_cJf5ACtiEeyq-96bFbiw2A?fileId=_gLc6ECs3Eeyq-96bFbiw2A$type=md$name=AM_CIV?"/>
    <field id="__0yoAiw3Eeyq-96bFbiw2A" name="LC_JOU" ref="resource.md#_cMTVYCtiEeyq-96bFbiw2A?fileId=_gLc6ECs3Eeyq-96bFbiw2A$type=md$name=LC_JOU?"/>
    <field id="__0zPESw3Eeyq-96bFbiw2A" name="IN_WKE" ref="resource.md#_cWoWECtiEeyq-96bFbiw2A?fileId=_gLc6ECs3Eeyq-96bFbiw2A$type=md$name=IN_WKE?"/>
    <field id="__0zPGyw3Eeyq-96bFbiw2A" name="NO_AS400" ref="resource.md#_ce9LoCtiEeyq-96bFbiw2A?fileId=_gLc6ECs3Eeyq-96bFbiw2A$type=md$name=NO_AS400?"/>
    <field id="__0yoBCw3Eeyq-96bFbiw2A" fullAlias="AMJ_JOU_ANN_MNS_UN" name="AMJ_JOU_ANN_MNS_UN" ref="resource.md#_cN_-gCtiEeyq-96bFbiw2A?fileId=_gLc6ECs3Eeyq-96bFbiw2A$type=md$name=AMJ_JOU_ANN_MNS_UN?"/>
    <field id="__0zPFyw3Eeyq-96bFbiw2A" name="NO_JOU_DEB_SEM" ref="resource.md#_cbqnECtiEeyq-96bFbiw2A?fileId=_gLc6ECs3Eeyq-96bFbiw2A$type=md$name=NO_JOU_DEB_SEM?"/>
    <field id="__0zPGCw3Eeyq-96bFbiw2A" name="DT_CRE" ref="resource.md#_ccd4UCtiEeyq-96bFbiw2A?fileId=_gLc6ECs3Eeyq-96bFbiw2A$type=md$name=DT_CRE?"/>
    <field id="__0yA9iw3Eeyq-96bFbiw2A" name="MM_CPTA" ref="resource.md#_cHV84CtiEeyq-96bFbiw2A?fileId=_gLc6ECs3Eeyq-96bFbiw2A$type=md$name=MM_CPTA?"/>
    <field id="__0zPGiw3Eeyq-96bFbiw2A" name="NO_TRT" ref="resource.md#_ceLIgCtiEeyq-96bFbiw2A?fileId=_gLc6ECs3Eeyq-96bFbiw2A$type=md$name=NO_TRT?"/>
    <field id="__0yoCiw3Eeyq-96bFbiw2A" name="LC_SEM" ref="resource.md#_cTneUCtiEeyq-96bFbiw2A?fileId=_gLc6ECs3Eeyq-96bFbiw2A$type=md$name=LC_SEM?"/>
    <field id="__0zPGSw3Eeyq-96bFbiw2A" name="DT_TRT" ref="resource.md#_cdLC8CtiEeyq-96bFbiw2A?fileId=_gLc6ECs3Eeyq-96bFbiw2A$type=md$name=DT_TRT?"/>
    <field id="__0yA8Sw3Eeyq-96bFbiw2A" name="SE_DAT" ref="resource.md#_cDXb0CtiEeyq-96bFbiw2A?fileId=_gLc6ECs3Eeyq-96bFbiw2A$type=md$name=SE_DAT?"/>
    <field id="__0zPECw3Eeyq-96bFbiw2A" name="LC_MOI_SEM" ref="resource.md#_cVmbUCtiEeyq-96bFbiw2A?fileId=_gLc6ECs3Eeyq-96bFbiw2A$type=md$name=LC_MOI_SEM?"/>
    <field id="__0yoCyw3Eeyq-96bFbiw2A" name="NO_MOI_SEM" ref="resource.md#_cUr1UCtiEeyq-96bFbiw2A?fileId=_gLc6ECs3Eeyq-96bFbiw2A$type=md$name=NO_MOI_SEM?"/>
    <field id="__0yoCSw3Eeyq-96bFbiw2A" name="NO_SEM" ref="resource.md#_cS-lICtiEeyq-96bFbiw2A?fileId=_gLc6ECs3Eeyq-96bFbiw2A$type=md$name=NO_SEM?"/>
    <field id="__0yoACw3Eeyq-96bFbiw2A" name="AS_CIV" ref="resource.md#_cK5nMCtiEeyq-96bFbiw2A?fileId=_gLc6ECs3Eeyq-96bFbiw2A$type=md$name=AS_CIV?"/>
    <field id="__0yA9Cw3Eeyq-96bFbiw2A" name="LC_MOI_CIV" ref="resource.md#_cFzEwCtiEeyq-96bFbiw2A?fileId=_gLc6ECs3Eeyq-96bFbiw2A$type=md$name=LC_MOI_CIV?"/>
    <field id="__0xZ4iw3Eeyq-96bFbiw2A" fullAlias="AMJ_DAT" name="AMJ_DAT" ref="resource.md#_cBsA0CtiEeyq-96bFbiw2A?fileId=_gLc6ECs3Eeyq-96bFbiw2A$type=md$name=AMJ_DAT?" updateKey="true"/>
    <field id="__0yA8Cw3Eeyq-96bFbiw2A" name="AA_DAT" ref="resource.md#_cCggMCtiEeyq-96bFbiw2A?fileId=_gLc6ECs3Eeyq-96bFbiw2A$type=md$name=AA_DAT?"/>
    <field id="__0yoASw3Eeyq-96bFbiw2A" name="LC_ANN_SEM_CIV" ref="resource.md#_cLn_8CtiEeyq-96bFbiw2A?fileId=_gLc6ECs3Eeyq-96bFbiw2A$type=md$name=LC_ANN_SEM_CIV?"/>
    <field id="__0yoByw3Eeyq-96bFbiw2A" name="NO_JOU_SEM_US" ref="resource.md#_cQ2eMCtiEeyq-96bFbiw2A?fileId=_gLc6ECs3Eeyq-96bFbiw2A$type=md$name=NO_JOU_SEM_US?"/>
    <field id="__0zPEiw3Eeyq-96bFbiw2A" name="IN_DER_JOU_MOI" ref="resource.md#_cXtUICtiEeyq-96bFbiw2A?fileId=_gLc6ECs3Eeyq-96bFbiw2A$type=md$name=IN_DER_JOU_MOI?"/>
    <constraint id="__0z2Iiw3Eeyq-96bFbiw2A" name="D_DAT_PK" ref="resource.md#_ciH0YCtiEeyq-96bFbiw2A?fileId=_gLc6ECs3Eeyq-96bFbiw2A$type=md$name=D_DAT_PK?" reject="true"/>
  </datastore>
  <datastore id="_3cTBICw5Eeyq-96bFbiw2A" alias="F_OBJ_CA_MG_KH" dataset="_3cU2UCw5Eeyq-96bFbiw2A" ref="resource.md#_bN_HYSwwEeyq-96bFbiw2A?fileId=_gLc6ECs3Eeyq-96bFbiw2A$type=md$name=F_OBJ_CA_MG_KH?">
    <field id="_3cTBLyw5Eeyq-96bFbiw2A" name="NO_TRT_T" ref="resource.md#_bcigwCwwEeyq-96bFbiw2A?fileId=_gLc6ECs3Eeyq-96bFbiw2A$type=md$name=NO_TRT_T?"/>
    <field id="_3cTBKSw5Eeyq-96bFbiw2A" fullAlias="ID_PAYS" name="ID_PAYS" ref="resource.md#_bWlCsCwwEeyq-96bFbiw2A?fileId=_gLc6ECs3Eeyq-96bFbiw2A$type=md$name=ID_PAYS?"/>
    <field id="_3cTBIyw5Eeyq-96bFbiw2A" name="CD_ENS_K1" ref="resource.md#_bRQd0CwwEeyq-96bFbiw2A?fileId=_gLc6ECs3Eeyq-96bFbiw2A$type=md$name=CD_ENS_K1?"/>
    <field id="_3cTBKyw5Eeyq-96bFbiw2A" fullAlias="MT_OBJ_MG" name="MT_OBJ_MG" ref="resource.md#_bYZnoCwwEeyq-96bFbiw2A?fileId=_gLc6ECs3Eeyq-96bFbiw2A$type=md$name=MT_OBJ_MG?"/>
    <field id="_3cTBJyw5Eeyq-96bFbiw2A" fullAlias="ID_CAT_PRD_KH" name="ID_CAT_PRD_KH" ref="resource.md#_bUxr4CwwEeyq-96bFbiw2A?fileId=_gLc6ECs3Eeyq-96bFbiw2A$type=md$name=ID_CAT_PRD_KH?"/>
    <field id="_3cTBLCw5Eeyq-96bFbiw2A" name="CL_SIO_T" ref="resource.md#_bZkFQCwwEeyq-96bFbiw2A?fileId=_gLc6ECs3Eeyq-96bFbiw2A$type=md$name=CL_SIO_T?"/>
    <field id="_3cTBJiw5Eeyq-96bFbiw2A" fullAlias="ID_ENS" name="ID_ENS" ref="resource.md#_bT7-YCwwEeyq-96bFbiw2A?fileId=_gLc6ECs3Eeyq-96bFbiw2A$type=md$name=ID_ENS?"/>
    <field id="_3cTBKiw5Eeyq-96bFbiw2A" fullAlias="MT_OBJ_CA" name="MT_OBJ_CA" ref="resource.md#_bXj6ICwwEeyq-96bFbiw2A?fileId=_gLc6ECs3Eeyq-96bFbiw2A$type=md$name=MT_OBJ_CA?"/>
    <field id="_3cTBIiw5Eeyq-96bFbiw2A" name="ID_OBJ_KH" ref="resource.md#_bQTbkCwwEeyq-96bFbiw2A?fileId=_gLc6ECs3Eeyq-96bFbiw2A$type=md$name=ID_OBJ_KH?" updateKey="true"/>
    <field id="_3cTBJCw5Eeyq-96bFbiw2A" fullAlias="DT_OBJ_K2" name="DT_OBJ_K2" ref="resource.md#_bSLq4CwwEeyq-96bFbiw2A?fileId=_gLc6ECs3Eeyq-96bFbiw2A$type=md$name=DT_OBJ_K2?"/>
    <field id="_3cTBJSw5Eeyq-96bFbiw2A" name="CD_CAT_PRD_KH_K3" ref="resource.md#_bTItICwwEeyq-96bFbiw2A?fileId=_gLc6ECs3Eeyq-96bFbiw2A$type=md$name=CD_CAT_PRD_KH_K3?"/>
    <field id="_3cTBKCw5Eeyq-96bFbiw2A" fullAlias="ID_CDP" name="ID_CDP" ref="resource.md#_bVqcsCwwEeyq-96bFbiw2A?fileId=_gLc6ECs3Eeyq-96bFbiw2A$type=md$name=ID_CDP?"/>
    <field id="_3cTBLSw5Eeyq-96bFbiw2A" name="CD_FLX_SRC_T" ref="resource.md#_babA4CwwEeyq-96bFbiw2A?fileId=_gLc6ECs3Eeyq-96bFbiw2A$type=md$name=CD_FLX_SRC_T?"/>
    <field id="_3cTBLiw5Eeyq-96bFbiw2A" name="DT_MDF_T" ref="resource.md#_bbq-ECwwEeyq-96bFbiw2A?fileId=_gLc6ECs3Eeyq-96bFbiw2A$type=md$name=DT_MDF_T?"/>
    <constraint id="_3cTBMCw5Eeyq-96bFbiw2A" name="F_OBJ_CA_MG_KH_PK" ref="resource.md#_beLfgCwwEeyq-96bFbiw2A?fileId=_gLc6ECs3Eeyq-96bFbiw2A$type=md$name=F_OBJ_CA_MG_KH_PK?" reject="true"/>
  </datastore>
  <join id="_DYGWsCw4Eeyq-96bFbiw2A" location="SRC" left="_8DaBECw3Eeyq-96bFbiw2A" order="10" right="__0xZ4Cw3Eeyq-96bFbiw2A">
    <expression>ventes_Krefel_Hifi_JCAM1.DT_COMPTA_K2 = D_DAT.AMJ_JOU_ANN_MNS_UN</expression>
  </join>
  <filter id="_ETWzICw6Eeyq-96bFbiw2A" location="SRC">
    <expression>F_OBJ_CA_MG_KH.DT_OBJ_K2 between trunc(current_date-32, 'DAY') and trunc (current_date-1, 'DAY')</expression>
  </filter>
  <template id="_luvUICwxEeyq-96bFbiw2A" name="I_stage_union_all" process="resource.proc#_v8JEkTNEEeSH5LKy1U4ptg?fileId=_v8JEkTNEEeSH5LKy1U4ptg$type=proc$name=STAGING%20Rdbms%20As%20SubQuery?" targetId="_luv68SwxEeyq-96bFbiw2A"/>
  <template id="_luv68CwxEeyq-96bFbiw2A" name="I_A_UNI_VTE_CPT" process="resource.proc#_aMHAYdgzEeici9fSMS5KFg?fileId=_aMHAYdgzEeici9fSMS5KFg$type=proc$name=INTEGRATION%20Snowflake.tp?" targetId="_luvT5ywxEeyq-96bFbiw2A"/>
  <template id="_dlNykCwyEeyq-96bFbiw2A" name="I_new_dates_JA" process="resource.proc#_v8JEkTNEEeSH5LKy1U4ptg?fileId=_v8JEkTNEEeSH5LKy1U4ptg$type=proc$name=STAGING%20Rdbms%20As%20SubQuery?" targetId="_b8zDQCwyEeyq-96bFbiw2A">
    <parameter id="_0R5l4CwyEeyq-96bFbiw2A" name="useDistinct" value="true"/>
  </template>
  <template id="_eNWwoCwyEeyq-96bFbiw2A" name="I_ventes_Krefel_Hifi_JA" process="resource.proc#_v8JEkTNEEeSH5LKy1U4ptg?fileId=_v8JEkTNEEeSH5LKy1U4ptg$type=proc$name=STAGING%20Rdbms%20As%20SubQuery?" targetId="_bpZmICwyEeyq-96bFbiw2A"/>
  <template id="_rEQqQCw1Eeyq-96bFbiw2A" name="I_ventes_Krefel_Hifi" process="resource.proc#_v8JEkTNEEeSH5LKy1U4ptg?fileId=_v8JEkTNEEeSH5LKy1U4ptg$type=proc$name=STAGING%20Rdbms%20As%20SubQuery?" targetId="_rEIHYCw1Eeyq-96bFbiw2A"/>
  <template id="_jVnHECw2Eeyq-96bFbiw2A" name="I_ventes_Krefel_Hifi_JAM1" process="resource.proc#_v8JEkTNEEeSH5LKy1U4ptg?fileId=_v8JEkTNEEeSH5LKy1U4ptg$type=proc$name=STAGING%20Rdbms%20As%20SubQuery?" targetId="_g5K50Cw2Eeyq-96bFbiw2A"/>
  <template id="_vn-QkCw2Eeyq-96bFbiw2A" name="I_new_dates_JAM1" process="resource.proc#_v8JEkTNEEeSH5LKy1U4ptg?fileId=_v8JEkTNEEeSH5LKy1U4ptg$type=proc$name=STAGING%20Rdbms%20As%20SubQuery?" targetId="_vYCXICw2Eeyq-96bFbiw2A">
    <parameter id="_8IZrQCw2Eeyq-96bFbiw2A" name="useDistinct" value="true"/>
  </template>
  <template id="_8jcMACw3Eeyq-96bFbiw2A" name="I_ventes_Krefel_Hifi_JCAM1" process="resource.proc#_v8JEkTNEEeSH5LKy1U4ptg?fileId=_v8JEkTNEEeSH5LKy1U4ptg$type=proc$name=STAGING%20Rdbms%20As%20SubQuery?" targetId="_8DaBECw3Eeyq-96bFbiw2A"/>
  <template id="_GvCdUCw4Eeyq-96bFbiw2A" name="I_new_dates_JCAM1" process="resource.proc#_v8JEkTNEEeSH5LKy1U4ptg?fileId=_v8JEkTNEEeSH5LKy1U4ptg$type=proc$name=STAGING%20Rdbms%20As%20SubQuery?" targetId="_FW6z0Cw4Eeyq-96bFbiw2A">
    <parameter id="_L6zXkCw4Eeyq-96bFbiw2A" name="useDistinct" value="true"/>
  </template>
  <query id="_luv68SwxEeyq-96bFbiw2A" alias="stage_union_all" dataset="_luv7OiwxEeyq-96bFbiw2A" stagingArea="resource.md#_xcIXsCs3Eeyq-96bFbiw2A?fileId=_gLc6ECs3Eeyq-96bFbiw2A$type=md$name=POCSTB.ODSV3?" subExpression="[JA] Union All [JAM1] Union All [JCAM1] Union All [OBJ_JA]">
    <field id="_luv68iwxEeyq-96bFbiw2A" name="DT_COMPTA">
      <expression id="_luv68ywxEeyq-96bFbiw2A" location="WRK" setDescriptorRef="_luv7MywxEeyq-96bFbiw2A">
        <expression>ventes_Krefel_Hifi_JA.DT_COMPTA_K2</expression>
      </expression>
      <expression id="_luv69CwxEeyq-96bFbiw2A" location="WRK" setDescriptorRef="_luv7NCwxEeyq-96bFbiw2A">
        <expression>ventes_Krefel_Hifi_JAM1.DT_COMPTA_K2</expression>
      </expression>
      <expression id="_luv69SwxEeyq-96bFbiw2A" location="WRK" setDescriptorRef="_luv7NSwxEeyq-96bFbiw2A">
        <expression>D_DAT.AMJ_DAT</expression>
      </expression>
      <expression id="_luv69iwxEeyq-96bFbiw2A" location="WRK" setDescriptorRef="_luv7NiwxEeyq-96bFbiw2A">
        <expression>F_OBJ_CA_MG_KH.DT_OBJ_K2</expression>
      </expression>
    </field>
    <field id="_luv69ywxEeyq-96bFbiw2A" name="ID_ENS">
      <expression id="_luv6-CwxEeyq-96bFbiw2A" location="WRK" setDescriptorRef="_luv7MywxEeyq-96bFbiw2A">
        <expression>ventes_Krefel_Hifi_JA.ID_ENS</expression>
      </expression>
      <expression id="_luv6-SwxEeyq-96bFbiw2A" location="WRK" setDescriptorRef="_luv7NCwxEeyq-96bFbiw2A">
        <expression>ventes_Krefel_Hifi_JAM1.ID_ENS</expression>
      </expression>
      <expression id="_luv6-iwxEeyq-96bFbiw2A" location="WRK" setDescriptorRef="_luv7NSwxEeyq-96bFbiw2A">
        <expression>ventes_Krefel_Hifi_JCAM1.ID_ENS</expression>
      </expression>
      <expression id="_luv6-ywxEeyq-96bFbiw2A" location="WRK" setDescriptorRef="_luv7NiwxEeyq-96bFbiw2A">
        <expression>F_OBJ_CA_MG_KH.ID_ENS</expression>
      </expression>
    </field>
    <field id="_luv6_CwxEeyq-96bFbiw2A" name="ID_PAYS">
      <expression id="_luv6_SwxEeyq-96bFbiw2A" location="WRK" setDescriptorRef="_luv7MywxEeyq-96bFbiw2A">
        <expression>ventes_Krefel_Hifi_JA.ID_PAYS</expression>
      </expression>
      <expression id="_luv6_iwxEeyq-96bFbiw2A" location="WRK" setDescriptorRef="_luv7NCwxEeyq-96bFbiw2A">
        <expression>ventes_Krefel_Hifi_JAM1.ID_PAYS</expression>
      </expression>
      <expression id="_luv6_ywxEeyq-96bFbiw2A" location="WRK" setDescriptorRef="_luv7NSwxEeyq-96bFbiw2A">
        <expression>ventes_Krefel_Hifi_JCAM1.ID_PAYS</expression>
      </expression>
      <expression id="_luv7ACwxEeyq-96bFbiw2A" location="WRK" setDescriptorRef="_luv7NiwxEeyq-96bFbiw2A">
        <expression>F_OBJ_CA_MG_KH.ID_PAYS</expression>
      </expression>
    </field>
    <field id="_luv7ASwxEeyq-96bFbiw2A" name="ID_CDP">
      <expression id="_luv7AiwxEeyq-96bFbiw2A" location="WRK" setDescriptorRef="_luv7MywxEeyq-96bFbiw2A">
        <expression>ventes_Krefel_Hifi_JA.ID_CDP</expression>
      </expression>
      <expression id="_luv7AywxEeyq-96bFbiw2A" location="WRK" setDescriptorRef="_luv7NCwxEeyq-96bFbiw2A">
        <expression>ventes_Krefel_Hifi_JAM1.ID_CDP</expression>
      </expression>
      <expression id="_luv7BCwxEeyq-96bFbiw2A" location="WRK" setDescriptorRef="_luv7NSwxEeyq-96bFbiw2A">
        <expression>ventes_Krefel_Hifi_JCAM1.ID_CDP</expression>
      </expression>
      <expression id="_luv7BSwxEeyq-96bFbiw2A" location="WRK" setDescriptorRef="_luv7NiwxEeyq-96bFbiw2A">
        <expression>F_OBJ_CA_MG_KH.ID_CDP</expression>
      </expression>
    </field>
    <field id="_luv7BiwxEeyq-96bFbiw2A" name="ID_CAT_PRD_KH">
      <expression id="_luv7BywxEeyq-96bFbiw2A" location="WRK" setDescriptorRef="_luv7MywxEeyq-96bFbiw2A">
        <expression>ventes_Krefel_Hifi_JA.ID_CAT_PRD_KH</expression>
      </expression>
      <expression id="_luv7CCwxEeyq-96bFbiw2A" location="WRK" setDescriptorRef="_luv7NCwxEeyq-96bFbiw2A">
        <expression>ventes_Krefel_Hifi_JAM1.ID_CAT_PRD_KH</expression>
      </expression>
      <expression id="_luv7CSwxEeyq-96bFbiw2A" location="WRK" setDescriptorRef="_luv7NSwxEeyq-96bFbiw2A">
        <expression>ventes_Krefel_Hifi_JCAM1.ID_CAT_PRD_KH</expression>
      </expression>
      <expression id="_luv7CiwxEeyq-96bFbiw2A" location="WRK" setDescriptorRef="_luv7NiwxEeyq-96bFbiw2A">
        <expression>F_OBJ_CA_MG_KH.ID_CAT_PRD_KH</expression>
      </expression>
    </field>
    <field id="_luv7CywxEeyq-96bFbiw2A" name="MT_CA_CPT_JA">
      <expression id="_luv7DCwxEeyq-96bFbiw2A" aggregate="true" location="WRK" setDescriptorRef="_luv7MywxEeyq-96bFbiw2A">
        <expression>sum(ventes_Krefel_Hifi_JA.MT_CA_CPT)</expression>
      </expression>
      <expression id="_luv7DSwxEeyq-96bFbiw2A" aggregate="true" location="WRK" setDescriptorRef="_luv7NCwxEeyq-96bFbiw2A">
        <expression>0</expression>
      </expression>
      <expression id="_luv7DiwxEeyq-96bFbiw2A" aggregate="true" location="WRK" setDescriptorRef="_luv7NSwxEeyq-96bFbiw2A">
        <expression>0</expression>
      </expression>
      <expression id="_luv7DywxEeyq-96bFbiw2A" aggregate="true" location="WRK" setDescriptorRef="_luv7NiwxEeyq-96bFbiw2A">
        <expression>0</expression>
      </expression>
    </field>
    <field id="_luv7ECwxEeyq-96bFbiw2A" name="MT_MG_CPT_JA">
      <expression id="_luv7ESwxEeyq-96bFbiw2A" aggregate="true" location="WRK" setDescriptorRef="_luv7MywxEeyq-96bFbiw2A">
        <expression>sum(ventes_Krefel_Hifi_JA.MT_MG_CPT)</expression>
      </expression>
      <expression id="_luv7EiwxEeyq-96bFbiw2A" aggregate="true" location="WRK" setDescriptorRef="_luv7NCwxEeyq-96bFbiw2A">
        <expression>0</expression>
      </expression>
      <expression id="_luv7EywxEeyq-96bFbiw2A" aggregate="true" location="WRK" setDescriptorRef="_luv7NSwxEeyq-96bFbiw2A">
        <expression>0</expression>
      </expression>
      <expression id="_luv7FCwxEeyq-96bFbiw2A" aggregate="true" location="WRK" setDescriptorRef="_luv7NiwxEeyq-96bFbiw2A">
        <expression>0</expression>
      </expression>
    </field>
    <field id="_luv7FSwxEeyq-96bFbiw2A" name="MT_CA_CPT_JAM1">
      <expression id="_luv7FiwxEeyq-96bFbiw2A" aggregate="true" location="WRK" setDescriptorRef="_luv7MywxEeyq-96bFbiw2A">
        <expression>0</expression>
      </expression>
      <expression id="_luv7FywxEeyq-96bFbiw2A" aggregate="true" location="WRK" setDescriptorRef="_luv7NCwxEeyq-96bFbiw2A">
        <expression>sum(ventes_Krefel_Hifi_JAM1.MT_CA_CPT)</expression>
      </expression>
      <expression id="_luv7GCwxEeyq-96bFbiw2A" aggregate="true" location="WRK" setDescriptorRef="_luv7NSwxEeyq-96bFbiw2A">
        <expression>0</expression>
      </expression>
      <expression id="_luv7GSwxEeyq-96bFbiw2A" aggregate="true" location="WRK" setDescriptorRef="_luv7NiwxEeyq-96bFbiw2A">
        <expression>0</expression>
      </expression>
    </field>
    <field id="_luv7GiwxEeyq-96bFbiw2A" name="MT_MG_CPT_JAM1">
      <expression id="_luv7GywxEeyq-96bFbiw2A" aggregate="true" location="WRK" setDescriptorRef="_luv7MywxEeyq-96bFbiw2A">
        <expression>0</expression>
      </expression>
      <expression id="_luv7HCwxEeyq-96bFbiw2A" aggregate="true" location="WRK" setDescriptorRef="_luv7NCwxEeyq-96bFbiw2A">
        <expression>sum(ventes_Krefel_Hifi_JAM1.MT_MG_CPT)</expression>
      </expression>
      <expression id="_luv7HSwxEeyq-96bFbiw2A" aggregate="true" location="WRK" setDescriptorRef="_luv7NSwxEeyq-96bFbiw2A">
        <expression>0</expression>
      </expression>
      <expression id="_luv7HiwxEeyq-96bFbiw2A" aggregate="true" location="WRK" setDescriptorRef="_luv7NiwxEeyq-96bFbiw2A">
        <expression>0</expression>
      </expression>
    </field>
    <field id="_luv7HywxEeyq-96bFbiw2A" name="MT_CA_CPT_JCAM1">
      <expression id="_luv7ICwxEeyq-96bFbiw2A" aggregate="true" location="WRK" setDescriptorRef="_luv7MywxEeyq-96bFbiw2A">
        <expression>0</expression>
      </expression>
      <expression id="_luv7ISwxEeyq-96bFbiw2A" aggregate="true" location="WRK" setDescriptorRef="_luv7NCwxEeyq-96bFbiw2A">
        <expression>0</expression>
      </expression>
      <expression id="_luv7IiwxEeyq-96bFbiw2A" aggregate="true" location="WRK" setDescriptorRef="_luv7NSwxEeyq-96bFbiw2A">
        <expression>sum(ventes_Krefel_Hifi_JCAM1.MT_CA_CPT)</expression>
      </expression>
      <expression id="_luv7IywxEeyq-96bFbiw2A" aggregate="true" location="WRK" setDescriptorRef="_luv7NiwxEeyq-96bFbiw2A">
        <expression>0</expression>
      </expression>
    </field>
    <field id="_luv7JCwxEeyq-96bFbiw2A" name="MT_MG_CPT_JCAM1">
      <expression id="_luv7JSwxEeyq-96bFbiw2A" aggregate="true" location="WRK" setDescriptorRef="_luv7MywxEeyq-96bFbiw2A">
        <expression>0</expression>
      </expression>
      <expression id="_luv7JiwxEeyq-96bFbiw2A" aggregate="true" location="WRK" setDescriptorRef="_luv7NCwxEeyq-96bFbiw2A">
        <expression>0</expression>
      </expression>
      <expression id="_luv7JywxEeyq-96bFbiw2A" aggregate="true" location="WRK" setDescriptorRef="_luv7NSwxEeyq-96bFbiw2A">
        <expression>sum(ventes_Krefel_Hifi_JCAM1.MT_MG_CPT)</expression>
      </expression>
      <expression id="_luv7KCwxEeyq-96bFbiw2A" aggregate="true" location="WRK" setDescriptorRef="_luv7NiwxEeyq-96bFbiw2A">
        <expression>0</expression>
      </expression>
    </field>
    <field id="_luv7KSwxEeyq-96bFbiw2A" name="MT_OBJ_CA_JA">
      <expression id="_luv7KiwxEeyq-96bFbiw2A" aggregate="true" location="WRK" setDescriptorRef="_luv7MywxEeyq-96bFbiw2A">
        <expression>0</expression>
      </expression>
      <expression id="_luv7KywxEeyq-96bFbiw2A" aggregate="true" location="WRK" setDescriptorRef="_luv7NCwxEeyq-96bFbiw2A">
        <expression>0</expression>
      </expression>
      <expression id="_luv7LCwxEeyq-96bFbiw2A" aggregate="true" location="WRK" setDescriptorRef="_luv7NSwxEeyq-96bFbiw2A">
        <expression>0</expression>
      </expression>
      <expression id="_luv7LSwxEeyq-96bFbiw2A" aggregate="true" location="WRK" setDescriptorRef="_luv7NiwxEeyq-96bFbiw2A">
        <expression>sum(F_OBJ_CA_MG_KH.MT_OBJ_CA)</expression>
      </expression>
    </field>
    <field id="_luv7LiwxEeyq-96bFbiw2A" name="MT_OBJ_MG_JA">
      <expression id="_luv7LywxEeyq-96bFbiw2A" aggregate="true" location="WRK" setDescriptorRef="_luv7MywxEeyq-96bFbiw2A">
        <expression>0</expression>
      </expression>
      <expression id="_luv7MCwxEeyq-96bFbiw2A" aggregate="true" location="WRK" setDescriptorRef="_luv7NCwxEeyq-96bFbiw2A">
        <expression>0</expression>
      </expression>
      <expression id="_luv7MSwxEeyq-96bFbiw2A" aggregate="true" location="WRK" setDescriptorRef="_luv7NSwxEeyq-96bFbiw2A">
        <expression>0</expression>
      </expression>
      <expression id="_luv7MiwxEeyq-96bFbiw2A" aggregate="true" location="WRK" setDescriptorRef="_luv7NiwxEeyq-96bFbiw2A">
        <expression>sum(F_OBJ_CA_MG_KH.MT_OBJ_MG)</expression>
      </expression>
    </field>
    <setDescriptor id="_luv7MywxEeyq-96bFbiw2A" label="JA"/>
    <setDescriptor id="_luv7NCwxEeyq-96bFbiw2A" label="JAM1"/>
    <setDescriptor id="_luv7NSwxEeyq-96bFbiw2A" label="JCAM1"/>
    <setDescriptor id="_luv7NiwxEeyq-96bFbiw2A" label="OBJ_JA"/>
  </query>
  <query id="_bpZmICwyEeyq-96bFbiw2A" alias="ventes_Krefel_Hifi_JA" dataset="_bpZmIiwyEeyq-96bFbiw2A" stagingArea="resource.md#_Tt3GECs5Eeyq-96bFbiw2A?fileId=_gLc6ECs3Eeyq-96bFbiw2A$type=md$name=POCSTB.DWHV3?" subExpression="[A]">
    <field id="_eNTGQCwyEeyq-96bFbiw2A" name="DT_COMPTA_K2">
      <expression id="_eNTGQiwyEeyq-96bFbiw2A" location="WRK" setDescriptorRef="_eNTGQSwyEeyq-96bFbiw2A">
        <expression>ventes_Krefel_Hifi.DT_COMPTA_K2</expression>
      </expression>
    </field>
    <field id="_ekdpECwyEeyq-96bFbiw2A" name="ID_ENS">
      <expression id="_ekdpESwyEeyq-96bFbiw2A" location="WRK" setDescriptorRef="_eNTGQSwyEeyq-96bFbiw2A">
        <expression>ventes_Krefel_Hifi.ID_ENS</expression>
      </expression>
    </field>
    <field id="_fJUCkCwyEeyq-96bFbiw2A" name="ID_PAYS">
      <expression id="_fJUCkSwyEeyq-96bFbiw2A" location="WRK" setDescriptorRef="_eNTGQSwyEeyq-96bFbiw2A">
        <expression>ventes_Krefel_Hifi.ID_PAYS</expression>
      </expression>
    </field>
    <field id="_ftbcQCwyEeyq-96bFbiw2A" name="ID_CDP">
      <expression id="_ftbcQSwyEeyq-96bFbiw2A" location="WRK" setDescriptorRef="_eNTGQSwyEeyq-96bFbiw2A">
        <expression>ventes_Krefel_Hifi.ID_CDP</expression>
      </expression>
    </field>
    <field id="_gDUzwCwyEeyq-96bFbiw2A" name="ID_CAT_PRD_KH">
      <expression id="_gDUzwSwyEeyq-96bFbiw2A" location="WRK" setDescriptorRef="_eNTGQSwyEeyq-96bFbiw2A">
        <expression>ventes_Krefel_Hifi.ID_CAT_PRD_KH</expression>
      </expression>
    </field>
    <field id="_iUYQYCwyEeyq-96bFbiw2A" name="MT_CA_CPT">
      <expression id="_iUYQYSwyEeyq-96bFbiw2A" aggregate="false" location="WRK" setDescriptorRef="_eNTGQSwyEeyq-96bFbiw2A">
        <expression>ventes_Krefel_Hifi.MT_CA_CPT</expression>
      </expression>
    </field>
    <field id="_ijC-gCwyEeyq-96bFbiw2A" name="MT_MG_CPT">
      <expression id="_ijC-gSwyEeyq-96bFbiw2A" aggregate="false" location="WRK" setDescriptorRef="_eNTGQSwyEeyq-96bFbiw2A">
        <expression>ventes_Krefel_Hifi.MT_MG_CPT</expression>
      </expression>
    </field>
    <setDescriptor id="_eNTGQSwyEeyq-96bFbiw2A" label="A"/>
  </query>
  <query id="_b8zDQCwyEeyq-96bFbiw2A" alias="new_dates_JA" dataset="_b8zqUCwyEeyq-96bFbiw2A" stagingArea="resource.md#_Tt3GECs5Eeyq-96bFbiw2A?fileId=_gLc6ECs3Eeyq-96bFbiw2A$type=md$name=POCSTB.DWHV3?" subExpression="[A]">
    <field id="_dlKvQCwyEeyq-96bFbiw2A" name="DT_COMPTA_K2">
      <expression id="_dlLWUCwyEeyq-96bFbiw2A" location="WRK" setDescriptorRef="_dlKvQSwyEeyq-96bFbiw2A">
        <expression>F_VTE_KH.DT_COMPTA_K2</expression>
      </expression>
    </field>
    <setDescriptor id="_dlKvQSwyEeyq-96bFbiw2A" label="A"/>
    <targetFilter id="_sRuqUCwyEeyq-96bFbiw2A" enable="true" aggregate="false">
      <expression>F_VTE_KH.DT_MDF_T > TO_DATE('${~/dateTraitement}$', 'YYYY-MM-DD')</expression>
    </targetFilter>
  </query>
  <query id="_rEIHYCw1Eeyq-96bFbiw2A" alias="ventes_Krefel_Hifi" dataset="_rELKsCw1Eeyq-96bFbiw2A" stagingArea="resource.md#_Tt3GECs5Eeyq-96bFbiw2A?fileId=_gLc6ECs3Eeyq-96bFbiw2A$type=md$name=POCSTB.DWHV3?" subExpression="[A]">
    <field id="_rEIucSw1Eeyq-96bFbiw2A" name="DT_COMPTA_K2">
      <expression id="_rEIuciw1Eeyq-96bFbiw2A" location="WRK" setDescriptorRef="_rEIucCw1Eeyq-96bFbiw2A">
        <expression>F_VTE_KH.DT_COMPTA_K2</expression>
      </expression>
    </field>
    <field id="_rEIucyw1Eeyq-96bFbiw2A" name="ID_ENS">
      <expression id="_rEIudCw1Eeyq-96bFbiw2A" location="WRK" setDescriptorRef="_rEIucCw1Eeyq-96bFbiw2A">
        <expression>F_VTE_KH.ID_ENS</expression>
      </expression>
    </field>
    <field id="_rEIudSw1Eeyq-96bFbiw2A" name="ID_PAYS">
      <expression id="_rEIudiw1Eeyq-96bFbiw2A" location="WRK" setDescriptorRef="_rEIucCw1Eeyq-96bFbiw2A">
        <expression>F_VTE_KH.ID_PAYS</expression>
      </expression>
    </field>
    <field id="_rEIudyw1Eeyq-96bFbiw2A" name="ID_CDP">
      <expression id="_rEIueCw1Eeyq-96bFbiw2A" location="WRK" setDescriptorRef="_rEIucCw1Eeyq-96bFbiw2A">
        <expression>F_VTE_KH.ID_CDP</expression>
      </expression>
    </field>
    <field id="_rEIueSw1Eeyq-96bFbiw2A" name="ID_CAT_PRD_KH">
      <expression id="_rEIueiw1Eeyq-96bFbiw2A" location="WRK" setDescriptorRef="_rEIucCw1Eeyq-96bFbiw2A">
        <expression>F_VTE_KH.ID_CAT_PRD_KH</expression>
      </expression>
    </field>
    <field id="_rEIueyw1Eeyq-96bFbiw2A" name="MT_CA_CPT">
      <expression id="_rEIufCw1Eeyq-96bFbiw2A" location="WRK" setDescriptorRef="_rEIucCw1Eeyq-96bFbiw2A">
        <expression>coalesce(F_VTE_KH.MT_CA_CPT, 0)</expression>
      </expression>
    </field>
    <field id="_rEIufSw1Eeyq-96bFbiw2A" name="MT_MG_CPT">
      <expression id="_rEIufiw1Eeyq-96bFbiw2A" location="WRK" setDescriptorRef="_rEIucCw1Eeyq-96bFbiw2A">
        <expression>coalesce(F_VTE_KH.MT_MG_CPT, 0)</expression>
      </expression>
    </field>
    <setDescriptor id="_rEIucCw1Eeyq-96bFbiw2A" label="A"/>
  </query>
  <query id="_g5K50Cw2Eeyq-96bFbiw2A" alias="ventes_Krefel_Hifi_JAM1" dataset="_g5Lg4Cw2Eeyq-96bFbiw2A" stagingArea="resource.md#_Tt3GECs5Eeyq-96bFbiw2A?fileId=_gLc6ECs3Eeyq-96bFbiw2A$type=md$name=POCSTB.DWHV3?" subExpression="[A]">
    <field id="_jVfLQCw2Eeyq-96bFbiw2A" name="DT_COMPTA_K2">
      <expression id="_jVfyUCw2Eeyq-96bFbiw2A" location="WRK" setDescriptorRef="_jVfLQSw2Eeyq-96bFbiw2A">
        <expression>add_months(ventes_Krefel_Hifi.DT_COMPTA_K2, 12)</expression>
      </expression>
    </field>
    <field id="_jWDL8iw2Eeyq-96bFbiw2A" name="ID_ENS">
      <expression id="_jWDL8yw2Eeyq-96bFbiw2A" location="WRK" setDescriptorRef="_jVfLQSw2Eeyq-96bFbiw2A">
        <expression>ventes_Krefel_Hifi.ID_ENS</expression>
      </expression>
    </field>
    <field id="_jWc0kCw2Eeyq-96bFbiw2A" name="ID_PAYS">
      <expression id="_jWc0kSw2Eeyq-96bFbiw2A" location="WRK" setDescriptorRef="_jVfLQSw2Eeyq-96bFbiw2A">
        <expression>ventes_Krefel_Hifi.ID_PAYS</expression>
      </expression>
    </field>
    <field id="_jW78wiw2Eeyq-96bFbiw2A" name="ID_CDP">
      <expression id="_jW78wyw2Eeyq-96bFbiw2A" location="WRK" setDescriptorRef="_jVfLQSw2Eeyq-96bFbiw2A">
        <expression>ventes_Krefel_Hifi.ID_CDP</expression>
      </expression>
    </field>
    <field id="_jXZPwSw2Eeyq-96bFbiw2A" name="ID_CAT_PRD_KH">
      <expression id="_jXZPwiw2Eeyq-96bFbiw2A" location="WRK" setDescriptorRef="_jVfLQSw2Eeyq-96bFbiw2A">
        <expression>ventes_Krefel_Hifi.ID_CAT_PRD_KH</expression>
      </expression>
    </field>
    <field id="_jX0Ggiw2Eeyq-96bFbiw2A" name="MT_CA_CPT">
      <expression id="_jX0Ggyw2Eeyq-96bFbiw2A" location="WRK" setDescriptorRef="_jVfLQSw2Eeyq-96bFbiw2A">
        <expression>ventes_Krefel_Hifi.MT_CA_CPT</expression>
      </expression>
    </field>
    <field id="_jYQycCw2Eeyq-96bFbiw2A" name="MT_MG_CPT">
      <expression id="_jYQycSw2Eeyq-96bFbiw2A" location="WRK" setDescriptorRef="_jVfLQSw2Eeyq-96bFbiw2A">
        <expression>ventes_Krefel_Hifi.MT_MG_CPT</expression>
      </expression>
    </field>
    <setDescriptor id="_jVfLQSw2Eeyq-96bFbiw2A" label="A"/>
  </query>
  <query id="_vYCXICw2Eeyq-96bFbiw2A" alias="new_dates_JAM1" dataset="_vYC-MSw2Eeyq-96bFbiw2A" stagingArea="resource.md#_Tt3GECs5Eeyq-96bFbiw2A?fileId=_gLc6ECs3Eeyq-96bFbiw2A$type=md$name=POCSTB.DWHV3?" subExpression="[A]">
    <field id="_vn2UwCw2Eeyq-96bFbiw2A" name="DT_COMPTA_K2">
      <expression id="_vn2Uwiw2Eeyq-96bFbiw2A" location="WRK" setDescriptorRef="_vn2UwSw2Eeyq-96bFbiw2A">
        <expression>add_months(F_VTE_KH.DT_COMPTA_K2, -12)</expression>
      </expression>
    </field>
    <setDescriptor id="_vn2UwSw2Eeyq-96bFbiw2A" label="A"/>
    <targetFilter id="_CvsIUCw3Eeyq-96bFbiw2A" enable="true" aggregate="false">
      <expression>F_VTE_KH.DT_MDF_T > TO_DATE('${~/dateTraitement}$', 'YYYY-MM-DD')</expression>
    </targetFilter>
  </query>
  <query id="_8DaBECw3Eeyq-96bFbiw2A" alias="ventes_Krefel_Hifi_JCAM1" dataset="__02SYCw3Eeyq-96bFbiw2A" stagingArea="resource.md#_Tt3GECs5Eeyq-96bFbiw2A?fileId=_gLc6ECs3Eeyq-96bFbiw2A$type=md$name=POCSTB.DWHV3?" subExpression="[A]">
    <field id="_8jRM4Cw3Eeyq-96bFbiw2A" name="DT_COMPTA_K2">
      <expression id="_8jRM4iw3Eeyq-96bFbiw2A" location="WRK" setDescriptorRef="_8jRM4Sw3Eeyq-96bFbiw2A">
        <expression>ventes_Krefel_Hifi.DT_COMPTA_K2</expression>
      </expression>
    </field>
    <field id="_8j8iUSw3Eeyq-96bFbiw2A" name="ID_ENS">
      <expression id="_8j8iUiw3Eeyq-96bFbiw2A" location="WRK" setDescriptorRef="_8jRM4Sw3Eeyq-96bFbiw2A">
        <expression>ventes_Krefel_Hifi.ID_ENS</expression>
      </expression>
    </field>
    <field id="_8kf78iw3Eeyq-96bFbiw2A" name="ID_PAYS">
      <expression id="_8kf78yw3Eeyq-96bFbiw2A" location="WRK" setDescriptorRef="_8jRM4Sw3Eeyq-96bFbiw2A">
        <expression>ventes_Krefel_Hifi.ID_PAYS</expression>
      </expression>
    </field>
    <field id="_8lNGkiw3Eeyq-96bFbiw2A" name="ID_CDP">
      <expression id="_8lNGkyw3Eeyq-96bFbiw2A" location="WRK" setDescriptorRef="_8jRM4Sw3Eeyq-96bFbiw2A">
        <expression>ventes_Krefel_Hifi.ID_CDP</expression>
      </expression>
    </field>
    <field id="_8l2m0iw3Eeyq-96bFbiw2A" name="ID_CAT_PRD_KH">
      <expression id="_8l2m0yw3Eeyq-96bFbiw2A" location="WRK" setDescriptorRef="_8jRM4Sw3Eeyq-96bFbiw2A">
        <expression>ventes_Krefel_Hifi.ID_CAT_PRD_KH</expression>
      </expression>
    </field>
    <field id="_8mangiw3Eeyq-96bFbiw2A" name="MT_CA_CPT">
      <expression id="_8mangyw3Eeyq-96bFbiw2A" location="WRK" setDescriptorRef="_8jRM4Sw3Eeyq-96bFbiw2A">
        <expression>ventes_Krefel_Hifi.MT_CA_CPT</expression>
      </expression>
    </field>
    <field id="_8m7k4iw3Eeyq-96bFbiw2A" name="MT_MG_CPT">
      <expression id="_8m7k4yw3Eeyq-96bFbiw2A" location="WRK" setDescriptorRef="_8jRM4Sw3Eeyq-96bFbiw2A">
        <expression>ventes_Krefel_Hifi.MT_MG_CPT</expression>
      </expression>
    </field>
    <setDescriptor id="_8jRM4Sw3Eeyq-96bFbiw2A" label="A"/>
  </query>
  <query id="_FW6z0Cw4Eeyq-96bFbiw2A" alias="new_dates_JCAM1" dataset="_FW7a4Cw4Eeyq-96bFbiw2A" stagingArea="resource.md#_Tt3GECs5Eeyq-96bFbiw2A?fileId=_gLc6ECs3Eeyq-96bFbiw2A$type=md$name=POCSTB.DWHV3?" subExpression="[A]">
    <field id="_Gu4FQCw4Eeyq-96bFbiw2A" name="DT_COMPTA_K2">
      <expression id="_Gu4FQiw4Eeyq-96bFbiw2A" location="WRK" setDescriptorRef="_Gu4FQSw4Eeyq-96bFbiw2A">
        <expression>F_VTE_KH.DT_COMPTA_K2</expression>
      </expression>
    </field>
    <setDescriptor id="_Gu4FQSw4Eeyq-96bFbiw2A" label="A"/>
    <targetFilter id="_Jd_W4Cw4Eeyq-96bFbiw2A" enable="true" aggregate="false">
      <expression>F_VTE_KH.DT_MDF_T > TO_DATE('${~/dateTraitement}$', 'YYYY-MM-DD')</expression>
    </targetFilter>
  </query>
  <dataSet id="_luv7OCwxEeyq-96bFbiw2A">
    <container>_luvT5ywxEeyq-96bFbiw2A</container>
  </dataSet>
  <dataSet id="_luv7OiwxEeyq-96bFbiw2A">
    <container>_luv68SwxEeyq-96bFbiw2A</container>
  </dataSet>
  <dataSet id="_IVr5wCwyEeyq-96bFbiw2A">
    <container>_IVpdgCwyEeyq-96bFbiw2A</container>
  </dataSet>
  <dataSet id="_bpZmIiwyEeyq-96bFbiw2A">
    <container>_bpZmICwyEeyq-96bFbiw2A</container>
    <filteredBy>_b8zqUCwyEeyq-96bFbiw2A</filteredBy>
  </dataSet>
  <dataSet id="_b8zqUCwyEeyq-96bFbiw2A">
    <container>_b8zDQCwyEeyq-96bFbiw2A</container>
  </dataSet>
  <dataSet id="_rELKsCw1Eeyq-96bFbiw2A">
    <container>_rEIHYCw1Eeyq-96bFbiw2A</container>
  </dataSet>
  <dataSet id="_g5Lg4Cw2Eeyq-96bFbiw2A">
    <container>_g5K50Cw2Eeyq-96bFbiw2A</container>
    <filteredBy>_vYC-MSw2Eeyq-96bFbiw2A</filteredBy>
  </dataSet>
  <dataSet id="_vYC-MSw2Eeyq-96bFbiw2A">
    <container>_vYCXICw2Eeyq-96bFbiw2A</container>
  </dataSet>
  <dataSet id="__02SYCw3Eeyq-96bFbiw2A">
    <container>__0xZ4Cw3Eeyq-96bFbiw2A</container>
    <container>_8DaBECw3Eeyq-96bFbiw2A</container>
    <filteredBy>_FW7a4Cw4Eeyq-96bFbiw2A</filteredBy>
  </dataSet>
  <dataSet id="_FW7a4Cw4Eeyq-96bFbiw2A">
    <container>_FW6z0Cw4Eeyq-96bFbiw2A</container>
  </dataSet>
  <dataSet id="_3cU2UCw5Eeyq-96bFbiw2A">
    <container>_3cTBICw5Eeyq-96bFbiw2A</container>
  </dataSet>
  <operator id="_1T7DkCwyEeyq-96bFbiw2A" location="WRK" filteredDataSet="_bpZmIiwyEeyq-96bFbiw2A" filteringDataSet="_b8zqUCwyEeyq-96bFbiw2A" type="EXISTS">
    <expression>ventes_Krefel_Hifi_JA.DT_COMPTA_K2 = new_dates_JA.DT_COMPTA_K2</expression>
  </operator>
  <operator id="_z_nmQCw2Eeyq-96bFbiw2A" location="WRK" filteredDataSet="_g5Lg4Cw2Eeyq-96bFbiw2A" filteringDataSet="_vYC-MSw2Eeyq-96bFbiw2A" type="NOT_EXISTS">
    <expression>ventes_Krefel_Hifi_JAM1.DT_COMPTA_K2 = new_dates_JAM1.DT_COMPTA_K2</expression>
  </operator>
  <operator id="_QyiikCw4Eeyq-96bFbiw2A" location="WRK" filteredDataSet="__02SYCw3Eeyq-96bFbiw2A" filteringDataSet="_FW7a4Cw4Eeyq-96bFbiw2A" type="EXISTS">
    <expression>D_DAT.AMJ_DAT = new_dates_JCAM1.DT_COMPTA_K2</expression>
  </operator>
  <hint>
    <usedField>#_IVqroywyEeyq-96bFbiw2A</usedField>
    <usedField>#_IVqroCwyEeyq-96bFbiw2A</usedField>
    <usedField>#_IVqElSwyEeyq-96bFbiw2A</usedField>
    <usedField>#_IVqElywyEeyq-96bFbiw2A</usedField>
    <usedField>#_IVqEmCwyEeyq-96bFbiw2A</usedField>
    <usedField>#_IVqEkiwyEeyq-96bFbiw2A</usedField>
    <usedField>#_IVqElCwyEeyq-96bFbiw2A</usedField>
    <usedField>#_IVqEliwyEeyq-96bFbiw2A</usedField>
    <usedField>#__0yoBCw3Eeyq-96bFbiw2A</usedField>
    <usedField>#__0xZ4iw3Eeyq-96bFbiw2A</usedField>
    <usedField>#_3cTBKSw5Eeyq-96bFbiw2A</usedField>
    <usedField>#_3cTBKyw5Eeyq-96bFbiw2A</usedField>
    <usedField>#_3cTBJyw5Eeyq-96bFbiw2A</usedField>
    <usedField>#_3cTBJiw5Eeyq-96bFbiw2A</usedField>
    <usedField>#_3cTBKiw5Eeyq-96bFbiw2A</usedField>
    <usedField>#_3cTBJCw5Eeyq-96bFbiw2A</usedField>
    <usedField>#_3cTBKCw5Eeyq-96bFbiw2A</usedField>
  </hint>
  <diagram><![CDATA[<?xml version="1.0" encoding="UTF-8"?>
<notation:Diagram xmi:version="2.0" xmlns:xmi="http://www.omg.org/XMI" xmlns:xsi="http://www.w3.org/2001/XMLSchema-instance" xmlns:ecore="http://www.eclipse.org/emf/2002/Ecore" xmlns:map="http://www.indy.com/v2/map" xmlns:mapNot="http://www.indy.com/v2/map/notation" xmlns:notation="http://www.eclipse.org/gmf/runtime/1.0.1/notation" xsi:schemaLocation="http://www.eclipse.org/gmf/runtime/1.0.1/notation " xmi:id="e25c5b8c-c03b-48b9-8267-f51eae810a58" type="Map" measurementUnit="Pixel">
  <children xmi:type="notation:Node" xmi:id="_1USP-CwyEeyq-96bFbiw2A" type="2008">
    <styles xmi:type="notation:DescriptionStyle" xmi:id="_1USP-SwyEeyq-96bFbiw2A"/>
    <styles xmi:type="notation:FontStyle" xmi:id="_1USP-iwyEeyq-96bFbiw2A" fontName="Segoe UI"/>
    <styles xmi:type="notation:FillStyle" xmi:id="_1USP-ywyEeyq-96bFbiw2A"/>
    <element xmi:type="map:Operator" href="resource.map#_1T7DkCwyEeyq-96bFbiw2A?fileId=_luus0CwxEeyq-96bFbiw2A$type=map?"/>
    <layoutConstraint xmi:type="notation:Bounds" xmi:id="_1USP_CwyEeyq-96bFbiw2A" x="860" y="1071"/>
  </children>
  <children xmi:type="notation:Node" xmi:id="_0AGueCw2Eeyq-96bFbiw2A" type="2008">
    <styles xmi:type="notation:DescriptionStyle" xmi:id="_0AGueSw2Eeyq-96bFbiw2A"/>
    <styles xmi:type="notation:FontStyle" xmi:id="_0AGueiw2Eeyq-96bFbiw2A" fontName="Segoe UI"/>
    <styles xmi:type="notation:FillStyle" xmi:id="_0AGueyw2Eeyq-96bFbiw2A"/>
    <element xmi:type="map:Operator" href="resource.map#_z_nmQCw2Eeyq-96bFbiw2A?fileId=_luus0CwxEeyq-96bFbiw2A$type=map?"/>
    <layoutConstraint xmi:type="notation:Bounds" xmi:id="_0AGufCw2Eeyq-96bFbiw2A" x="860" y="488"/>
  </children>
  <children xmi:type="notation:Shape" xmi:id="_vYkioCw2Eeyq-96bFbiw2A" type="2001" fontName="Segoe UI">
    <children xmi:type="notation:DecorationNode" xmi:id="_vYkioiw2Eeyq-96bFbiw2A" type="5001"/>
    <children xmi:type="notation:DecorationNode" xmi:id="_vYkioyw2Eeyq-96bFbiw2A" type="5007"/>
    <children xmi:type="notation:DecorationNode" xmi:id="_vYkipCw2Eeyq-96bFbiw2A" type="7001"/>
    <children xmi:type="notation:DecorationNode" xmi:id="_vYkipSw2Eeyq-96bFbiw2A" type="7011"/>
    <children xmi:type="notation:BasicCompartment" xmi:id="_vYkipiw2Eeyq-96bFbiw2A" type="7002">
      <styles xmi:type="notation:SortingStyle" xmi:id="_vYkipyw2Eeyq-96bFbiw2A"/>
      <styles xmi:type="notation:FilteringStyle" xmi:id="_vYkiqCw2Eeyq-96bFbiw2A"/>
    </children>
    <children xmi:type="notation:DecorationNode" xmi:id="_vYkiqSw2Eeyq-96bFbiw2A" type="5008">
      <styles xmi:type="notation:DrawerStyle" xmi:id="_vYkiqiw2Eeyq-96bFbiw2A"/>
    </children>
    <children xmi:type="notation:BasicCompartment" xmi:id="_vYkiqyw2Eeyq-96bFbiw2A" type="7007"/>
    <element xmi:type="map:Query" href="resource.map#_vYCXICw2Eeyq-96bFbiw2A?fileId=_luus0CwxEeyq-96bFbiw2A$type=map?"/>
    <layoutConstraint xmi:type="notation:Bounds" xmi:id="_vYkioSw2Eeyq-96bFbiw2A" x="305" y="490"/>
  </children>
  <children xmi:type="notation:Shape" xmi:id="_b9CT1ywyEeyq-96bFbiw2A" type="2001" fontName="Segoe UI">
    <children xmi:type="notation:DecorationNode" xmi:id="_b9CT2SwyEeyq-96bFbiw2A" type="5001"/>
    <children xmi:type="notation:DecorationNode" xmi:id="_b9CT2iwyEeyq-96bFbiw2A" type="5007"/>
    <children xmi:type="notation:DecorationNode" xmi:id="_b9CT2ywyEeyq-96bFbiw2A" type="7001"/>
    <children xmi:type="notation:DecorationNode" xmi:id="_b9C64CwyEeyq-96bFbiw2A" type="7011"/>
    <children xmi:type="notation:BasicCompartment" xmi:id="_b9C64SwyEeyq-96bFbiw2A" type="7002">
      <styles xmi:type="notation:SortingStyle" xmi:id="_b9C64iwyEeyq-96bFbiw2A"/>
      <styles xmi:type="notation:FilteringStyle" xmi:id="_b9C64ywyEeyq-96bFbiw2A"/>
    </children>
    <children xmi:type="notation:DecorationNode" xmi:id="_b9C65CwyEeyq-96bFbiw2A" type="5008">
      <styles xmi:type="notation:DrawerStyle" xmi:id="_b9C65SwyEeyq-96bFbiw2A"/>
    </children>
    <children xmi:type="notation:BasicCompartment" xmi:id="_b9C65iwyEeyq-96bFbiw2A" type="7007"/>
    <element xmi:type="map:Query" href="resource.map#_b8zDQCwyEeyq-96bFbiw2A?fileId=_luus0CwxEeyq-96bFbiw2A$type=map?"/>
    <layoutConstraint xmi:type="notation:Bounds" xmi:id="_b9CT2CwyEeyq-96bFbiw2A" x="305" y="994"/>
  </children>
  <children xmi:type="notation:Shape" xmi:id="_bpo2tywyEeyq-96bFbiw2A" type="2001" fontName="Segoe UI">
    <children xmi:type="notation:DecorationNode" xmi:id="_bpo2uSwyEeyq-96bFbiw2A" type="5001"/>
    <children xmi:type="notation:DecorationNode" xmi:id="_bpo2uiwyEeyq-96bFbiw2A" type="5007"/>
    <children xmi:type="notation:DecorationNode" xmi:id="_bpo2uywyEeyq-96bFbiw2A" type="7001"/>
    <children xmi:type="notation:DecorationNode" xmi:id="_bpo2vCwyEeyq-96bFbiw2A" type="7011"/>
    <children xmi:type="notation:BasicCompartment" xmi:id="_bpo2vSwyEeyq-96bFbiw2A" type="7002">
      <styles xmi:type="notation:SortingStyle" xmi:id="_bpo2viwyEeyq-96bFbiw2A"/>
      <styles xmi:type="notation:FilteringStyle" xmi:id="_bpo2vywyEeyq-96bFbiw2A"/>
    </children>
    <children xmi:type="notation:DecorationNode" xmi:id="_bpo2wCwyEeyq-96bFbiw2A" type="5008">
      <styles xmi:type="notation:DrawerStyle" xmi:id="_bpo2wSwyEeyq-96bFbiw2A"/>
    </children>
    <children xmi:type="notation:BasicCompartment" xmi:id="_bpo2wiwyEeyq-96bFbiw2A" type="7007"/>
    <element xmi:type="map:Query" href="resource.map#_bpZmICwyEeyq-96bFbiw2A?fileId=_luus0CwxEeyq-96bFbiw2A$type=map?"/>
    <layoutConstraint xmi:type="notation:Bounds" xmi:id="_bpo2uCwyEeyq-96bFbiw2A" x="924" y="986"/>
  </children>
  <children xmi:type="notation:Shape" xmi:id="_rEt9QSw1Eeyq-96bFbiw2A" type="2001" fontName="Segoe UI">
    <children xmi:type="notation:DecorationNode" xmi:id="_rEukUCw1Eeyq-96bFbiw2A" type="5001"/>
    <children xmi:type="notation:DecorationNode" xmi:id="_rEukUSw1Eeyq-96bFbiw2A" type="5007"/>
    <children xmi:type="notation:DecorationNode" xmi:id="_rEukUiw1Eeyq-96bFbiw2A" type="7001"/>
    <children xmi:type="notation:DecorationNode" xmi:id="_rEukUyw1Eeyq-96bFbiw2A" type="7011"/>
    <children xmi:type="notation:BasicCompartment" xmi:id="_rEukVCw1Eeyq-96bFbiw2A" type="7002">
      <styles xmi:type="notation:SortingStyle" xmi:id="_rEukVSw1Eeyq-96bFbiw2A"/>
      <styles xmi:type="notation:FilteringStyle" xmi:id="_rEukViw1Eeyq-96bFbiw2A"/>
    </children>
    <children xmi:type="notation:DecorationNode" xmi:id="_rEukVyw1Eeyq-96bFbiw2A" type="5008">
      <styles xmi:type="notation:DrawerStyle" xmi:id="_rEukWCw1Eeyq-96bFbiw2A"/>
    </children>
    <children xmi:type="notation:BasicCompartment" xmi:id="_rEukWSw1Eeyq-96bFbiw2A" type="7007"/>
    <element xmi:type="map:Query" href="resource.map#_rEIHYCw1Eeyq-96bFbiw2A?fileId=_luus0CwxEeyq-96bFbiw2A$type=map?"/>
    <layoutConstraint xmi:type="notation:Bounds" xmi:id="_rEt9Qiw1Eeyq-96bFbiw2A" x="305" y="746"/>
  </children>
  <children xmi:type="notation:Shape" xmi:id="_g5mXoiw2Eeyq-96bFbiw2A" type="2001" fontName="Segoe UI">
    <children xmi:type="notation:DecorationNode" xmi:id="_g5mXpCw2Eeyq-96bFbiw2A" type="5001"/>
    <children xmi:type="notation:DecorationNode" xmi:id="_g5mXpSw2Eeyq-96bFbiw2A" type="5007"/>
    <children xmi:type="notation:DecorationNode" xmi:id="_g5mXpiw2Eeyq-96bFbiw2A" type="7001"/>
    <children xmi:type="notation:DecorationNode" xmi:id="_g5mXpyw2Eeyq-96bFbiw2A" type="7011"/>
    <children xmi:type="notation:BasicCompartment" xmi:id="_g5mXqCw2Eeyq-96bFbiw2A" type="7002">
      <styles xmi:type="notation:SortingStyle" xmi:id="_g5mXqSw2Eeyq-96bFbiw2A"/>
      <styles xmi:type="notation:FilteringStyle" xmi:id="_g5mXqiw2Eeyq-96bFbiw2A"/>
    </children>
    <children xmi:type="notation:DecorationNode" xmi:id="_g5mXqyw2Eeyq-96bFbiw2A" type="5008">
      <styles xmi:type="notation:DrawerStyle" xmi:id="_g5mXrCw2Eeyq-96bFbiw2A"/>
    </children>
    <children xmi:type="notation:BasicCompartment" xmi:id="_g5mXrSw2Eeyq-96bFbiw2A" type="7007"/>
    <element xmi:type="map:Query" href="resource.map#_g5K50Cw2Eeyq-96bFbiw2A?fileId=_luus0CwxEeyq-96bFbiw2A$type=map?"/>
    <layoutConstraint xmi:type="notation:Bounds" xmi:id="_g5mXoyw2Eeyq-96bFbiw2A" x="924" y="403"/>
  </children>
  <children xmi:type="notation:Shape" xmi:id="_IV7KVywyEeyq-96bFbiw2A" type="2004" fontName="Segoe UI">
    <children xmi:type="notation:DecorationNode" xmi:id="_IV7KWSwyEeyq-96bFbiw2A" type="5005"/>
    <children xmi:type="notation:DecorationNode" xmi:id="_IV7KWiwyEeyq-96bFbiw2A" type="5007"/>
    <children xmi:type="notation:DecorationNode" xmi:id="_IV7KWywyEeyq-96bFbiw2A" type="7003"/>
    <children xmi:type="notation:DecorationNode" xmi:id="_IV7KXCwyEeyq-96bFbiw2A" type="7009"/>
    <children xmi:type="notation:BasicCompartment" xmi:id="_IV7KXSwyEeyq-96bFbiw2A" type="7004">
      <styles xmi:type="notation:SortingStyle" xmi:id="_IV7KXiwyEeyq-96bFbiw2A"/>
      <styles xmi:type="notation:FilteringStyle" xmi:id="_IV7KXywyEeyq-96bFbiw2A"/>
    </children>
    <children xmi:type="notation:DecorationNode" xmi:id="_IV7KYCwyEeyq-96bFbiw2A" type="5009">
      <styles xmi:type="notation:DrawerStyle" xmi:id="_IV7KYSwyEeyq-96bFbiw2A"/>
    </children>
    <children xmi:type="notation:DecorationNode" xmi:id="_IV7xYCwyEeyq-96bFbiw2A" type="7005">
      <styles xmi:type="notation:SortingStyle" xmi:id="_IV7xYSwyEeyq-96bFbiw2A"/>
      <styles xmi:type="notation:FilteringStyle" xmi:id="_IV7xYiwyEeyq-96bFbiw2A"/>
    </children>
    <children xmi:type="notation:BasicCompartment" xmi:id="_IV7xYywyEeyq-96bFbiw2A" type="7007"/>
    <element xmi:type="map:Datastore" href="resource.map#_IVpdgCwyEeyq-96bFbiw2A?fileId=_luus0CwxEeyq-96bFbiw2A$type=map?"/>
    <layoutConstraint xmi:type="notation:Bounds" xmi:id="_IV7KWCwyEeyq-96bFbiw2A" x="32" y="607"/>
  </children>
  <children xmi:type="notation:Shape" xmi:id="f81c0ed4-4bd8-4bbd-85af-016ac4cf48f0" type="2004" fontName="Segoe UI">
    <children xmi:type="notation:DecorationNode" xmi:id="e98119df-81e3-453c-a268-751b4e71b293" type="5005"/>
    <children xmi:type="notation:DecorationNode" xmi:id="76958e37-202d-411b-824b-9451f02e7cc8" type="5007"/>
    <children xmi:type="notation:DecorationNode" xmi:id="61b5488c-40ce-4bd7-bc49-b150ab8e0466" type="7003"/>
    <children xmi:type="notation:DecorationNode" xmi:id="74c9ae99-2d72-4c84-9b5e-321761a0c244" type="7009"/>
    <children xmi:type="notation:BasicCompartment" xmi:id="86723e1c-e5a3-4202-8d6f-2f75b2bc4f8b" type="7004">
      <styles xmi:type="notation:SortingStyle" xmi:id="5288ee3f-0266-4c8a-afa2-c15a5775cb35"/>
      <styles xmi:type="notation:FilteringStyle" xmi:id="9a06f0a5-574e-4870-b74c-3c00d74e3b52"/>
    </children>
    <children xmi:type="notation:DecorationNode" xmi:id="be9489e9-037f-47f4-b9cc-6aed8582676f" type="5009">
      <styles xmi:type="notation:DrawerStyle" xmi:id="10ad3d6d-5a24-4f61-8f84-ca01a80e8b43"/>
    </children>
    <children xmi:type="notation:DecorationNode" xmi:id="fcc91baa-3a6a-421c-a155-13fa205458f7" type="7005">
      <styles xmi:type="notation:SortingStyle" xmi:id="105c4907-dccb-4edc-a913-404bfcefd0e3"/>
      <styles xmi:type="notation:FilteringStyle" xmi:id="bea01650-3467-4b60-852e-380067042d00"/>
    </children>
    <children xmi:type="notation:BasicCompartment" xmi:id="fc967cfd-f359-4177-9f7a-d8e8640ddc15" type="7007"/>
    <element xmi:type="map:Datastore" href="resource.map#_luvT5ywxEeyq-96bFbiw2A?fileId=_luus0CwxEeyq-96bFbiw2A$type=map?"/>
    <layoutConstraint xmi:type="notation:Bounds" xmi:id="17caec7f-8a9d-48b9-ad01-f43d87ae47af" x="2346" y="474"/>
  </children>
  <children xmi:type="notation:Shape" xmi:id="7882a984-e676-4294-87c0-a6a58f458ee5" type="2001" fontName="Segoe UI">
    <children xmi:type="notation:DecorationNode" xmi:id="0f983437-de34-460f-8e09-83464bf1b0a7" type="5001"/>
    <children xmi:type="notation:DecorationNode" xmi:id="233dd900-f1ba-4e58-a54c-03bb020be48e" type="5007"/>
    <children xmi:type="notation:DecorationNode" xmi:id="892f6bd7-05b3-4de6-9162-1762517971c7" type="7001"/>
    <children xmi:type="notation:DecorationNode" xmi:id="700dffe5-a6af-4546-ae50-4363122f30d1" type="7011"/>
    <children xmi:type="notation:BasicCompartment" xmi:id="48331427-fb57-4ac9-a8c3-172f3567e161" type="7002">
      <styles xmi:type="notation:SortingStyle" xmi:id="7ceca974-e93f-4763-b0f8-bcadc2cb166e"/>
      <styles xmi:type="notation:FilteringStyle" xmi:id="4d8fc0f6-5f7e-4745-96c3-ce9b5970e640"/>
    </children>
    <children xmi:type="notation:DecorationNode" xmi:id="b434c516-0f77-4b7e-afc5-55c4efa2d82e" type="5008">
      <styles xmi:type="notation:DrawerStyle" xmi:id="c135f960-0ef5-4421-80c6-10edfbacbc1c"/>
    </children>
    <children xmi:type="notation:BasicCompartment" xmi:id="e1c01440-2b21-408c-a185-993167373c40" type="7007"/>
    <element xmi:type="map:Query" href="resource.map#_luv68SwxEeyq-96bFbiw2A?fileId=_luus0CwxEeyq-96bFbiw2A$type=map?"/>
    <layoutConstraint xmi:type="notation:Bounds" xmi:id="612c1f75-b697-4ccc-970a-7de2fa016b55" x="1767" y="473"/>
  </children>
  <children xmi:type="notation:Shape" xmi:id="_8D8zoiw3Eeyq-96bFbiw2A" type="2001" fontName="Segoe UI">
    <children xmi:type="notation:DecorationNode" xmi:id="_8D9asCw3Eeyq-96bFbiw2A" type="5001"/>
    <children xmi:type="notation:DecorationNode" xmi:id="_8D9asSw3Eeyq-96bFbiw2A" type="5007"/>
    <children xmi:type="notation:DecorationNode" xmi:id="_8D9asiw3Eeyq-96bFbiw2A" type="7001"/>
    <children xmi:type="notation:DecorationNode" xmi:id="_8D9asyw3Eeyq-96bFbiw2A" type="7011"/>
    <children xmi:type="notation:BasicCompartment" xmi:id="_8D9atCw3Eeyq-96bFbiw2A" type="7002">
      <styles xmi:type="notation:SortingStyle" xmi:id="_8D9atSw3Eeyq-96bFbiw2A"/>
      <styles xmi:type="notation:FilteringStyle" xmi:id="_8D9atiw3Eeyq-96bFbiw2A"/>
    </children>
    <children xmi:type="notation:DecorationNode" xmi:id="_8D9atyw3Eeyq-96bFbiw2A" type="5008">
      <styles xmi:type="notation:DrawerStyle" xmi:id="_8D9auCw3Eeyq-96bFbiw2A"/>
    </children>
    <children xmi:type="notation:BasicCompartment" xmi:id="_8D9auSw3Eeyq-96bFbiw2A" type="7007"/>
    <element xmi:type="map:Query" href="resource.map#_8DaBECw3Eeyq-96bFbiw2A?fileId=_luus0CwxEeyq-96bFbiw2A$type=map?"/>
    <layoutConstraint xmi:type="notation:Bounds" xmi:id="_8D8zoyw3Eeyq-96bFbiw2A" x="924" y="651"/>
  </children>
  <children xmi:type="notation:Node" xmi:id="_DYyTMiw4Eeyq-96bFbiw2A" type="2005">
    <styles xmi:type="notation:DescriptionStyle" xmi:id="_DYyTMyw4Eeyq-96bFbiw2A"/>
    <styles xmi:type="notation:FontStyle" xmi:id="_DYyTNCw4Eeyq-96bFbiw2A" fontName="Segoe UI"/>
    <styles xmi:type="notation:FillStyle" xmi:id="_DYyTNSw4Eeyq-96bFbiw2A"/>
    <element xmi:type="map:Join" href="resource.map#_DYGWsCw4Eeyq-96bFbiw2A?fileId=_luus0CwxEeyq-96bFbiw2A$type=map?"/>
    <layoutConstraint xmi:type="notation:Bounds" xmi:id="_DYyTNiw4Eeyq-96bFbiw2A" x="1400" y="847"/>
  </children>
  <children xmi:type="notation:Shape" xmi:id="__1bhMiw3Eeyq-96bFbiw2A" type="2004" fontName="Segoe UI">
    <eAnnotations xmi:type="ecore:EAnnotation" xmi:id="_StQi0Cw4Eeyq-96bFbiw2A" source="com.indy.gmf.map.diagram.sort">
      <details xmi:type="ecore:EStringToStringMapEntry" xmi:id="_StVbUCw4Eeyq-96bFbiw2A" key="filterMode" value="com.indy.gmf.map.diagram.filter.unused"/>
    </eAnnotations>
    <children xmi:type="notation:DecorationNode" xmi:id="__1bhNCw3Eeyq-96bFbiw2A" type="5005"/>
    <children xmi:type="notation:DecorationNode" xmi:id="__1bhNSw3Eeyq-96bFbiw2A" type="5007"/>
    <children xmi:type="notation:DecorationNode" xmi:id="__1bhNiw3Eeyq-96bFbiw2A" type="7003"/>
    <children xmi:type="notation:DecorationNode" xmi:id="__1bhNyw3Eeyq-96bFbiw2A" type="7009"/>
    <children xmi:type="notation:BasicCompartment" xmi:id="__1bhOCw3Eeyq-96bFbiw2A" type="7004">
      <styles xmi:type="notation:SortingStyle" xmi:id="__1bhOSw3Eeyq-96bFbiw2A"/>
      <styles xmi:type="notation:FilteringStyle" xmi:id="__1bhOiw3Eeyq-96bFbiw2A"/>
    </children>
    <children xmi:type="notation:DecorationNode" xmi:id="__1bhOyw3Eeyq-96bFbiw2A" type="5009">
      <styles xmi:type="notation:DrawerStyle" xmi:id="__1bhPCw3Eeyq-96bFbiw2A"/>
    </children>
    <children xmi:type="notation:DecorationNode" xmi:id="__1bhPSw3Eeyq-96bFbiw2A" type="7005">
      <styles xmi:type="notation:SortingStyle" xmi:id="__1bhPiw3Eeyq-96bFbiw2A"/>
      <styles xmi:type="notation:FilteringStyle" xmi:id="__1bhPyw3Eeyq-96bFbiw2A"/>
    </children>
    <children xmi:type="notation:BasicCompartment" xmi:id="__1bhQCw3Eeyq-96bFbiw2A" type="7007"/>
    <element xmi:type="map:Datastore" href="resource.map#__0xZ4Cw3Eeyq-96bFbiw2A?fileId=_luus0CwxEeyq-96bFbiw2A$type=map?"/>
    <layoutConstraint xmi:type="notation:Bounds" xmi:id="__1bhMyw3Eeyq-96bFbiw2A" x="1466" y="858"/>
  </children>
  <children xmi:type="notation:Node" xmi:id="_QzOfEyw4Eeyq-96bFbiw2A" type="2008">
    <styles xmi:type="notation:DescriptionStyle" xmi:id="_QzOfFCw4Eeyq-96bFbiw2A"/>
    <styles xmi:type="notation:FontStyle" xmi:id="_QzOfFSw4Eeyq-96bFbiw2A" fontName="Segoe UI"/>
    <styles xmi:type="notation:FillStyle" xmi:id="_QzOfFiw4Eeyq-96bFbiw2A"/>
    <element xmi:type="map:Operator" href="resource.map#_QyiikCw4Eeyq-96bFbiw2A?fileId=_luus0CwxEeyq-96bFbiw2A$type=map?"/>
    <layoutConstraint xmi:type="notation:Bounds" xmi:id="_QzOfFyw4Eeyq-96bFbiw2A" x="860" y="862"/>
  </children>
  <children xmi:type="notation:Shape" xmi:id="_FXn-ciw4Eeyq-96bFbiw2A" type="2001" fontName="Segoe UI">
    <children xmi:type="notation:DecorationNode" xmi:id="_FXn-dCw4Eeyq-96bFbiw2A" type="5001"/>
    <children xmi:type="notation:DecorationNode" xmi:id="_FXn-dSw4Eeyq-96bFbiw2A" type="5007"/>
    <children xmi:type="notation:DecorationNode" xmi:id="_FXn-diw4Eeyq-96bFbiw2A" type="7001"/>
    <children xmi:type="notation:DecorationNode" xmi:id="_FXn-dyw4Eeyq-96bFbiw2A" type="7011"/>
    <children xmi:type="notation:BasicCompartment" xmi:id="_FXn-eCw4Eeyq-96bFbiw2A" type="7002">
      <styles xmi:type="notation:SortingStyle" xmi:id="_FXn-eSw4Eeyq-96bFbiw2A"/>
      <styles xmi:type="notation:FilteringStyle" xmi:id="_FXn-eiw4Eeyq-96bFbiw2A"/>
    </children>
    <children xmi:type="notation:DecorationNode" xmi:id="_FXn-eyw4Eeyq-96bFbiw2A" type="5008">
      <styles xmi:type="notation:DrawerStyle" xmi:id="_FXn-fCw4Eeyq-96bFbiw2A"/>
    </children>
    <children xmi:type="notation:BasicCompartment" xmi:id="_FXn-fSw4Eeyq-96bFbiw2A" type="7007"/>
    <element xmi:type="map:Query" href="resource.map#_FW6z0Cw4Eeyq-96bFbiw2A?fileId=_luus0CwxEeyq-96bFbiw2A$type=map?"/>
    <layoutConstraint xmi:type="notation:Bounds" xmi:id="_FXn-cyw4Eeyq-96bFbiw2A" x="305" y="618"/>
  </children>
  <children xmi:type="mapNot:NodeView" xmi:id="_3DyagCw5Eeyq-96bFbiw2A" type="2006">
    <styles xmi:type="notation:DescriptionStyle" xmi:id="_3DyagSw5Eeyq-96bFbiw2A"/>
    <styles xmi:type="notation:FontStyle" xmi:id="_3Dyagiw5Eeyq-96bFbiw2A" fontName="Segoe UI"/>
    <styles xmi:type="notation:FillStyle" xmi:id="_3Dyagyw5Eeyq-96bFbiw2A"/>
    <element xmi:type="map:TargetFilter" href="resource.map#_sRuqUCwyEeyq-96bFbiw2A?fileId=_luus0CwxEeyq-96bFbiw2A$type=map?"/>
    <layoutConstraint xmi:type="notation:Bounds" xmi:id="_3DyahCw5Eeyq-96bFbiw2A" x="1429" y="522"/>
    <subElement xmi:type="map:DataSet" href="resource.map#_IVr5wCwyEeyq-96bFbiw2A?fileId=_luus0CwxEeyq-96bFbiw2A$type=map?"/>
  </children>
  <children xmi:type="mapNot:NodeView" xmi:id="_3DyahSw5Eeyq-96bFbiw2A" type="2006">
    <styles xmi:type="notation:DescriptionStyle" xmi:id="_3Dyahiw5Eeyq-96bFbiw2A"/>
    <styles xmi:type="notation:FontStyle" xmi:id="_3Dyahyw5Eeyq-96bFbiw2A" fontName="Segoe UI"/>
    <styles xmi:type="notation:FillStyle" xmi:id="_3DyaiCw5Eeyq-96bFbiw2A"/>
    <element xmi:type="map:TargetFilter" href="resource.map#_CvsIUCw3Eeyq-96bFbiw2A?fileId=_luus0CwxEeyq-96bFbiw2A$type=map?"/>
    <layoutConstraint xmi:type="notation:Bounds" xmi:id="_3DyaiSw5Eeyq-96bFbiw2A" x="1439" y="532"/>
    <subElement xmi:type="map:DataSet" href="resource.map#_IVr5wCwyEeyq-96bFbiw2A?fileId=_luus0CwxEeyq-96bFbiw2A$type=map?"/>
  </children>
  <children xmi:type="mapNot:NodeView" xmi:id="_3Dyaiiw5Eeyq-96bFbiw2A" type="2006">
    <styles xmi:type="notation:DescriptionStyle" xmi:id="_3Dyaiyw5Eeyq-96bFbiw2A"/>
    <styles xmi:type="notation:FontStyle" xmi:id="_3DyajCw5Eeyq-96bFbiw2A" fontName="Segoe UI"/>
    <styles xmi:type="notation:FillStyle" xmi:id="_3DyajSw5Eeyq-96bFbiw2A"/>
    <element xmi:type="map:TargetFilter" href="resource.map#_Jd_W4Cw4Eeyq-96bFbiw2A?fileId=_luus0CwxEeyq-96bFbiw2A$type=map?"/>
    <layoutConstraint xmi:type="notation:Bounds" xmi:id="_3Dyajiw5Eeyq-96bFbiw2A" x="1449" y="542"/>
    <subElement xmi:type="map:DataSet" href="resource.map#_IVr5wCwyEeyq-96bFbiw2A?fileId=_luus0CwxEeyq-96bFbiw2A$type=map?"/>
  </children>
  <children xmi:type="notation:Shape" xmi:id="_3dD2Iiw5Eeyq-96bFbiw2A" type="2004" fontName="Segoe UI">
    <children xmi:type="notation:DecorationNode" xmi:id="_3dEdMCw5Eeyq-96bFbiw2A" type="5005"/>
    <children xmi:type="notation:DecorationNode" xmi:id="_3dEdMSw5Eeyq-96bFbiw2A" type="5007"/>
    <children xmi:type="notation:DecorationNode" xmi:id="_3dEdMiw5Eeyq-96bFbiw2A" type="7003"/>
    <children xmi:type="notation:DecorationNode" xmi:id="_3dEdMyw5Eeyq-96bFbiw2A" type="7009"/>
    <children xmi:type="notation:BasicCompartment" xmi:id="_3dEdNCw5Eeyq-96bFbiw2A" type="7004">
      <styles xmi:type="notation:SortingStyle" xmi:id="_3dEdNSw5Eeyq-96bFbiw2A"/>
      <styles xmi:type="notation:FilteringStyle" xmi:id="_3dEdNiw5Eeyq-96bFbiw2A"/>
    </children>
    <children xmi:type="notation:DecorationNode" xmi:id="_3dEdNyw5Eeyq-96bFbiw2A" type="5009">
      <styles xmi:type="notation:DrawerStyle" xmi:id="_3dEdOCw5Eeyq-96bFbiw2A"/>
    </children>
    <children xmi:type="notation:DecorationNode" xmi:id="_3dEdOSw5Eeyq-96bFbiw2A" type="7005">
      <styles xmi:type="notation:SortingStyle" xmi:id="_3dEdOiw5Eeyq-96bFbiw2A"/>
      <styles xmi:type="notation:FilteringStyle" xmi:id="_3dEdOyw5Eeyq-96bFbiw2A"/>
    </children>
    <children xmi:type="notation:BasicCompartment" xmi:id="_3dEdPCw5Eeyq-96bFbiw2A" type="7007"/>
    <element xmi:type="map:Datastore" href="resource.map#_3cTBICw5Eeyq-96bFbiw2A?fileId=_luus0CwxEeyq-96bFbiw2A$type=map?"/>
    <layoutConstraint xmi:type="notation:Bounds" xmi:id="_3dD2Iyw5Eeyq-96bFbiw2A" x="860" y="32"/>
  </children>
  <children xmi:type="notation:Node" xmi:id="_EUCvoyw6Eeyq-96bFbiw2A" type="2002">
    <styles xmi:type="notation:DescriptionStyle" xmi:id="_EUCvpCw6Eeyq-96bFbiw2A"/>
    <styles xmi:type="notation:FontStyle" xmi:id="_EUCvpSw6Eeyq-96bFbiw2A" fontName="Segoe UI"/>
    <styles xmi:type="notation:FillStyle" xmi:id="_EUCvpiw6Eeyq-96bFbiw2A"/>
    <element xmi:type="map:Filter" href="resource.map#_ETWzICw6Eeyq-96bFbiw2A?fileId=_luus0CwxEeyq-96bFbiw2A$type=map?"/>
    <layoutConstraint xmi:type="notation:Bounds" xmi:id="_EUCvpyw6Eeyq-96bFbiw2A" x="1117" y="178"/>
  </children>
  <styles xmi:type="notation:DiagramStyle" xmi:id="a8563db5-3a97-41d9-b282-1bf7fa619218"/>
  <element xmi:type="map:Map" href="resource.map#_luus0CwxEeyq-96bFbiw2A?fileId=_luus0CwxEeyq-96bFbiw2A$type=map$name=Load%20A_UNI_VTE_CPT?"/>
  <edges xmi:type="notation:Edge" xmi:id="65156917-3186-4772-a042-566bce8a30a5" type="targetLink" source="f81c0ed4-4bd8-4bbd-85af-016ac4cf48f0" target="7882a984-e676-4294-87c0-a6a58f458ee5">
    <element xsi:nil="true"/>
    <bendpoints xmi:type="notation:RelativeBendpoints" xmi:id="1e9e2dd5-d540-4ba5-997e-980449ba92d7" points="[0, 0, 60, 0]$[-60, 0, 0, 0]"/>
  </edges>
  <edges xmi:type="notation:Edge" xmi:id="d93cc35b-2dc6-42dd-abad-612510a7e47a" type="targetDataSetLink" source="f81c0ed4-4bd8-4bbd-85af-016ac4cf48f0" target="f81c0ed4-4bd8-4bbd-85af-016ac4cf48f0">
    <element xmi:type="map:DataSet" href="resource.map#_luv7OiwxEeyq-96bFbiw2A?fileId=_luus0CwxEeyq-96bFbiw2A$type=map?"/>
    <bendpoints xmi:type="notation:RelativeBendpoints" xmi:id="597b27c6-e5c8-4108-bff4-649b2f9c487d" points="[0, 0, 0, 0]$[0, 0, 0, 0]"/>
  </edges>
  <edges xmi:type="notation:Edge" xmi:id="75a7cb8d-ee5a-415f-b58a-7d09d60ba277" type="targetSetLink" source="f81c0ed4-4bd8-4bbd-85af-016ac4cf48f0" target="f81c0ed4-4bd8-4bbd-85af-016ac4cf48f0">
    <element xmi:type="map:SetDescriptor" href="resource.map#_luvUBywxEeyq-96bFbiw2A?fileId=_luus0CwxEeyq-96bFbiw2A$type=map?"/>
    <bendpoints xmi:type="notation:RelativeBendpoints" xmi:id="12fd317b-81e7-4069-8044-cefd2187be0f" points="[0, 0, 0, 0]$[0, 0, 0, 0]"/>
  </edges>
  <edges xmi:type="notation:Edge" xmi:id="_dljJwCwyEeyq-96bFbiw2A" type="targetLink" source="_b9CT1ywyEeyq-96bFbiw2A" target="_IV7KVywyEeyq-96bFbiw2A">
    <element xsi:nil="true"/>
    <bendpoints xmi:type="notation:RelativeBendpoints" xmi:id="_dljJwSwyEeyq-96bFbiw2A" points="[0, 0, 150, 0]$[-150, 0, 0, 0]"/>
  </edges>
  <edges xmi:type="notation:Edge" xmi:id="_dljw0CwyEeyq-96bFbiw2A" type="targetDataSetLink" source="_b9CT1ywyEeyq-96bFbiw2A" target="_b9CT1ywyEeyq-96bFbiw2A">
    <element xmi:type="map:DataSet" href="resource.map#_IVr5wCwyEeyq-96bFbiw2A?fileId=_luus0CwxEeyq-96bFbiw2A$type=map?"/>
    <bendpoints xmi:type="notation:RelativeBendpoints" xmi:id="_dljw0SwyEeyq-96bFbiw2A" points="[0, 0, 0, 0]$[0, 0, 0, 0]"/>
  </edges>
  <edges xmi:type="notation:Edge" xmi:id="_dljw0iwyEeyq-96bFbiw2A" type="targetSetLink" source="_b9CT1ywyEeyq-96bFbiw2A" target="_b9CT1ywyEeyq-96bFbiw2A">
    <element xmi:type="map:SetDescriptor" href="resource.map#_dlKvQSwyEeyq-96bFbiw2A?fileId=_luus0CwxEeyq-96bFbiw2A$type=map?"/>
    <bendpoints xmi:type="notation:RelativeBendpoints" xmi:id="_dljw0ywyEeyq-96bFbiw2A" points="[0, 0, 0, 0]$[0, 0, 0, 0]"/>
  </edges>
  <edges xmi:type="notation:Edge" xmi:id="_eNodciwyEeyq-96bFbiw2A" type="targetSetLink" source="_bpo2tywyEeyq-96bFbiw2A" target="_bpo2tywyEeyq-96bFbiw2A">
    <element xmi:type="map:SetDescriptor" href="resource.map#_eNTGQSwyEeyq-96bFbiw2A?fileId=_luus0CwxEeyq-96bFbiw2A$type=map?"/>
    <bendpoints xmi:type="notation:RelativeBendpoints" xmi:id="_eNodcywyEeyq-96bFbiw2A" points="[0, 0, 0, 0]$[0, 0, 0, 0]"/>
  </edges>
  <edges xmi:type="notation:Edge" xmi:id="_1UTeECwyEeyq-96bFbiw2A" type="operatorLink" source="_1USP-CwyEeyq-96bFbiw2A" target="_1USP-CwyEeyq-96bFbiw2A">
    <element xmi:type="map:DataSet" href="resource.map#_b8zqUCwyEeyq-96bFbiw2A?fileId=_luus0CwxEeyq-96bFbiw2A$type=map?"/>
    <bendpoints xmi:type="notation:RelativeBendpoints" xmi:id="_1UTeESwyEeyq-96bFbiw2A" points="[0, 0, 0, 0]$[0, 0, 0, 0]"/>
  </edges>
  <edges xmi:type="notation:Edge" xmi:id="_B_eJICwzEeyq-96bFbiw2A" type="targetLink" source="7882a984-e676-4294-87c0-a6a58f458ee5" target="_bpo2tywyEeyq-96bFbiw2A">
    <element xsi:nil="true"/>
    <bendpoints xmi:type="notation:RelativeBendpoints" xmi:id="_B_eJISwzEeyq-96bFbiw2A" points="[0, 0, 60, -196]$[-60, 196, 0, 0]"/>
  </edges>
  <edges xmi:type="notation:Edge" xmi:id="_B_eJIiwzEeyq-96bFbiw2A" type="targetDataSetLink" source="7882a984-e676-4294-87c0-a6a58f458ee5" target="7882a984-e676-4294-87c0-a6a58f458ee5">
    <element xmi:type="map:DataSet" href="resource.map#_bpZmIiwyEeyq-96bFbiw2A?fileId=_luus0CwxEeyq-96bFbiw2A$type=map?"/>
    <bendpoints xmi:type="notation:RelativeBendpoints" xmi:id="_B_eJIywzEeyq-96bFbiw2A" points="[0, 0, 0, 0]$[0, 0, 0, 0]"/>
  </edges>
  <edges xmi:type="notation:Edge" xmi:id="_B_eJJCwzEeyq-96bFbiw2A" type="targetSetLink" source="7882a984-e676-4294-87c0-a6a58f458ee5" target="7882a984-e676-4294-87c0-a6a58f458ee5">
    <element xmi:type="map:SetDescriptor" href="resource.map#_luv7MywxEeyq-96bFbiw2A?fileId=_luus0CwxEeyq-96bFbiw2A$type=map?"/>
    <bendpoints xmi:type="notation:RelativeBendpoints" xmi:id="_B_eJJSwzEeyq-96bFbiw2A" points="[0, 0, 0, 0]$[0, 0, 0, 0]"/>
  </edges>
  <edges xmi:type="notation:Edge" xmi:id="_rE0q8Cw1Eeyq-96bFbiw2A" type="targetLink" source="_bpo2tywyEeyq-96bFbiw2A" target="_rEt9QSw1Eeyq-96bFbiw2A">
    <element xsi:nil="true"/>
    <bendpoints xmi:type="notation:RelativeBendpoints" xmi:id="_rE0q8Sw1Eeyq-96bFbiw2A" points="[0, 0, 195, 0]$[-195, 0, 0, 0]"/>
  </edges>
  <edges xmi:type="notation:Edge" xmi:id="_rE0q8iw1Eeyq-96bFbiw2A" type="targetDataSetLink" source="_bpo2tywyEeyq-96bFbiw2A" target="_bpo2tywyEeyq-96bFbiw2A">
    <element xmi:type="map:DataSet" href="resource.map#_rELKsCw1Eeyq-96bFbiw2A?fileId=_luus0CwxEeyq-96bFbiw2A$type=map?"/>
    <bendpoints xmi:type="notation:RelativeBendpoints" xmi:id="_rE0q8yw1Eeyq-96bFbiw2A" points="[0, 0, 0, 0]$[0, 0, 0, 0]"/>
  </edges>
  <edges xmi:type="notation:Edge" xmi:id="_rE0q9Cw1Eeyq-96bFbiw2A" type="targetLink" source="_rEt9QSw1Eeyq-96bFbiw2A" target="_IV7KVywyEeyq-96bFbiw2A">
    <element xsi:nil="true"/>
    <bendpoints xmi:type="notation:RelativeBendpoints" xmi:id="_rE0q9Sw1Eeyq-96bFbiw2A" points="[0, 0, 150, 157]$[-150, -157, 0, 0]"/>
  </edges>
  <edges xmi:type="notation:Edge" xmi:id="_rE0q9iw1Eeyq-96bFbiw2A" type="targetDataSetLink" source="_rEt9QSw1Eeyq-96bFbiw2A" target="_rEt9QSw1Eeyq-96bFbiw2A">
    <element xmi:type="map:DataSet" href="resource.map#_IVr5wCwyEeyq-96bFbiw2A?fileId=_luus0CwxEeyq-96bFbiw2A$type=map?"/>
    <bendpoints xmi:type="notation:RelativeBendpoints" xmi:id="_rE0q9yw1Eeyq-96bFbiw2A" points="[0, 0, 0, 0]$[0, 0, 0, 0]"/>
  </edges>
  <edges xmi:type="notation:Edge" xmi:id="_rE0q-Cw1Eeyq-96bFbiw2A" type="targetSetLink" source="_rEt9QSw1Eeyq-96bFbiw2A" target="_rEt9QSw1Eeyq-96bFbiw2A">
    <element xmi:type="map:SetDescriptor" href="resource.map#_rEIucCw1Eeyq-96bFbiw2A?fileId=_luus0CwxEeyq-96bFbiw2A$type=map?"/>
    <bendpoints xmi:type="notation:RelativeBendpoints" xmi:id="_rE0q-Sw1Eeyq-96bFbiw2A" points="[0, 0, 0, 0]$[0, 0, 0, 0]"/>
  </edges>
  <edges xmi:type="notation:Edge" xmi:id="_jYuFcCw2Eeyq-96bFbiw2A" type="targetLink" source="_g5mXoiw2Eeyq-96bFbiw2A" target="_rEt9QSw1Eeyq-96bFbiw2A">
    <element xsi:nil="true"/>
    <bendpoints xmi:type="notation:RelativeBendpoints" xmi:id="_jYuFcSw2Eeyq-96bFbiw2A" points="[0, 0, 195, 210]$[-195, -210, 0, 0]"/>
  </edges>
  <edges xmi:type="notation:Edge" xmi:id="_jYyW4Cw2Eeyq-96bFbiw2A" type="targetDataSetLink" source="_g5mXoiw2Eeyq-96bFbiw2A" target="_g5mXoiw2Eeyq-96bFbiw2A">
    <element xmi:type="map:DataSet" href="resource.map#_rELKsCw1Eeyq-96bFbiw2A?fileId=_luus0CwxEeyq-96bFbiw2A$type=map?"/>
    <bendpoints xmi:type="notation:RelativeBendpoints" xmi:id="_jYyW4Sw2Eeyq-96bFbiw2A" points="[0, 0, 0, 0]$[0, 0, 0, 0]"/>
  </edges>
  <edges xmi:type="notation:Edge" xmi:id="_jYyW4iw2Eeyq-96bFbiw2A" type="targetSetLink" source="_g5mXoiw2Eeyq-96bFbiw2A" target="_g5mXoiw2Eeyq-96bFbiw2A">
    <element xmi:type="map:SetDescriptor" href="resource.map#_jVfLQSw2Eeyq-96bFbiw2A?fileId=_luus0CwxEeyq-96bFbiw2A$type=map?"/>
    <bendpoints xmi:type="notation:RelativeBendpoints" xmi:id="_jYyW4yw2Eeyq-96bFbiw2A" points="[0, 0, 0, 0]$[0, 0, 0, 0]"/>
  </edges>
  <edges xmi:type="notation:Edge" xmi:id="_vof1ACw2Eeyq-96bFbiw2A" type="targetLink" source="_vYkioCw2Eeyq-96bFbiw2A" target="_IV7KVywyEeyq-96bFbiw2A">
    <element xsi:nil="true"/>
    <bendpoints xmi:type="notation:RelativeBendpoints" xmi:id="_vof1ASw2Eeyq-96bFbiw2A" points="[0, 0, 150, 0]$[-150, 0, 0, 0]"/>
  </edges>
  <edges xmi:type="notation:Edge" xmi:id="_vogcECw2Eeyq-96bFbiw2A" type="targetDataSetLink" source="_vYkioCw2Eeyq-96bFbiw2A" target="_vYkioCw2Eeyq-96bFbiw2A">
    <element xmi:type="map:DataSet" href="resource.map#_IVr5wCwyEeyq-96bFbiw2A?fileId=_luus0CwxEeyq-96bFbiw2A$type=map?"/>
    <bendpoints xmi:type="notation:RelativeBendpoints" xmi:id="_vogcESw2Eeyq-96bFbiw2A" points="[0, 0, 0, 0]$[0, 0, 0, 0]"/>
  </edges>
  <edges xmi:type="notation:Edge" xmi:id="_vogcEiw2Eeyq-96bFbiw2A" type="targetSetLink" source="_vYkioCw2Eeyq-96bFbiw2A" target="_vYkioCw2Eeyq-96bFbiw2A">
    <element xmi:type="map:SetDescriptor" href="resource.map#_vn2UwSw2Eeyq-96bFbiw2A?fileId=_luus0CwxEeyq-96bFbiw2A$type=map?"/>
    <bendpoints xmi:type="notation:RelativeBendpoints" xmi:id="_vogcEyw2Eeyq-96bFbiw2A" points="[0, 0, 0, 0]$[0, 0, 0, 0]"/>
  </edges>
  <edges xmi:type="notation:Edge" xmi:id="_0AH8kCw2Eeyq-96bFbiw2A" type="operatorLink" source="_0AGueCw2Eeyq-96bFbiw2A" target="_0AGueCw2Eeyq-96bFbiw2A">
    <element xmi:type="map:DataSet" href="resource.map#_vYC-MSw2Eeyq-96bFbiw2A?fileId=_luus0CwxEeyq-96bFbiw2A$type=map?"/>
    <bendpoints xmi:type="notation:RelativeBendpoints" xmi:id="_0AH8kSw2Eeyq-96bFbiw2A" points="[0, 0, 0, 0]$[0, 0, 0, 0]"/>
  </edges>
  <edges xmi:type="notation:Edge" xmi:id="_QylbUCw3Eeyq-96bFbiw2A" type="targetLink" source="7882a984-e676-4294-87c0-a6a58f458ee5" target="_g5mXoiw2Eeyq-96bFbiw2A">
    <element xsi:nil="true"/>
    <bendpoints xmi:type="notation:RelativeBendpoints" xmi:id="_QylbUSw3Eeyq-96bFbiw2A" points="[-187, -171, 323, 295]$[-401, -366, 109, 100]"/>
  </edges>
  <edges xmi:type="notation:Edge" xmi:id="_QylbUiw3Eeyq-96bFbiw2A" type="targetDataSetLink" source="7882a984-e676-4294-87c0-a6a58f458ee5" target="7882a984-e676-4294-87c0-a6a58f458ee5">
    <element xmi:type="map:DataSet" href="resource.map#_g5Lg4Cw2Eeyq-96bFbiw2A?fileId=_luus0CwxEeyq-96bFbiw2A$type=map?"/>
    <bendpoints xmi:type="notation:RelativeBendpoints" xmi:id="_QylbUyw3Eeyq-96bFbiw2A" points="[0, 0, 0, 0]$[0, 0, 0, 0]"/>
  </edges>
  <edges xmi:type="notation:Edge" xmi:id="_QylbVCw3Eeyq-96bFbiw2A" type="targetSetLink" source="7882a984-e676-4294-87c0-a6a58f458ee5" target="7882a984-e676-4294-87c0-a6a58f458ee5">
    <element xmi:type="map:SetDescriptor" href="resource.map#_luv7NCwxEeyq-96bFbiw2A?fileId=_luus0CwxEeyq-96bFbiw2A$type=map?"/>
    <bendpoints xmi:type="notation:RelativeBendpoints" xmi:id="_QylbVSw3Eeyq-96bFbiw2A" points="[0, 0, 0, 0]$[0, 0, 0, 0]"/>
  </edges>
  <edges xmi:type="notation:Edge" xmi:id="_8ngMoCw3Eeyq-96bFbiw2A" type="targetLink" source="_8D8zoiw3Eeyq-96bFbiw2A" target="_rEt9QSw1Eeyq-96bFbiw2A">
    <element xsi:nil="true"/>
    <bendpoints xmi:type="notation:RelativeBendpoints" xmi:id="_8ngMoSw3Eeyq-96bFbiw2A" points="[-8, 36, 78, -366]$[-65, 302, 21, -100]"/>
  </edges>
  <edges xmi:type="notation:Edge" xmi:id="_8nj3ACw3Eeyq-96bFbiw2A" type="targetDataSetLink" source="_8D8zoiw3Eeyq-96bFbiw2A" target="_8D8zoiw3Eeyq-96bFbiw2A">
    <element xmi:type="map:DataSet" href="resource.map#_rELKsCw1Eeyq-96bFbiw2A?fileId=_luus0CwxEeyq-96bFbiw2A$type=map?"/>
    <bendpoints xmi:type="notation:RelativeBendpoints" xmi:id="_8nj3ASw3Eeyq-96bFbiw2A" points="[0, 0, 0, 0]$[0, 0, 0, 0]"/>
  </edges>
  <edges xmi:type="notation:Edge" xmi:id="_8nj3Aiw3Eeyq-96bFbiw2A" type="targetSetLink" source="_8D8zoiw3Eeyq-96bFbiw2A" target="_8D8zoiw3Eeyq-96bFbiw2A">
    <element xmi:type="map:SetDescriptor" href="resource.map#_8jRM4Sw3Eeyq-96bFbiw2A?fileId=_luus0CwxEeyq-96bFbiw2A$type=map?"/>
    <bendpoints xmi:type="notation:RelativeBendpoints" xmi:id="_8nj3Ayw3Eeyq-96bFbiw2A" points="[0, 0, 0, 0]$[0, 0, 0, 0]"/>
  </edges>
  <edges xmi:type="notation:Edge" xmi:id="_DY0IYCw4Eeyq-96bFbiw2A" type="joinLink" source="_DYyTMiw4Eeyq-96bFbiw2A" target="_8D8zoiw3Eeyq-96bFbiw2A">
    <element xsi:nil="true"/>
    <bendpoints xmi:type="notation:RelativeBendpoints" xmi:id="_DY0IYSw4Eeyq-96bFbiw2A" points="[-1, -1, -558, -240]$[335, 144, -222, -95]"/>
  </edges>
  <edges xmi:type="notation:Edge" xmi:id="_DY0IYiw4Eeyq-96bFbiw2A" type="joinLink" source="_DYyTMiw4Eeyq-96bFbiw2A" target="__1bhMiw3Eeyq-96bFbiw2A">
    <element xsi:nil="true"/>
    <bendpoints xmi:type="notation:RelativeBendpoints" xmi:id="_DY0IYyw4Eeyq-96bFbiw2A" points="[-1, -1, -202, -440]$[75, 163, -126, -276]"/>
  </edges>
  <edges xmi:type="notation:Edge" xmi:id="_Gvr9kCw4Eeyq-96bFbiw2A" type="targetLink" source="_FXn-ciw4Eeyq-96bFbiw2A" target="_IV7KVywyEeyq-96bFbiw2A">
    <element xsi:nil="true"/>
    <bendpoints xmi:type="notation:RelativeBendpoints" xmi:id="_Gvr9kSw4Eeyq-96bFbiw2A" points="[-9, -36, 63, 253]$[-32, -129, 40, 160]"/>
  </edges>
  <edges xmi:type="notation:Edge" xmi:id="_Gvr9kiw4Eeyq-96bFbiw2A" type="targetDataSetLink" source="_FXn-ciw4Eeyq-96bFbiw2A" target="_FXn-ciw4Eeyq-96bFbiw2A">
    <element xmi:type="map:DataSet" href="resource.map#_IVr5wCwyEeyq-96bFbiw2A?fileId=_luus0CwxEeyq-96bFbiw2A$type=map?"/>
    <bendpoints xmi:type="notation:RelativeBendpoints" xmi:id="_GvskoCw4Eeyq-96bFbiw2A" points="[0, 0, 0, 0]$[0, 0, 0, 0]"/>
  </edges>
  <edges xmi:type="notation:Edge" xmi:id="_GvskoSw4Eeyq-96bFbiw2A" type="targetSetLink" source="_FXn-ciw4Eeyq-96bFbiw2A" target="_FXn-ciw4Eeyq-96bFbiw2A">
    <element xmi:type="map:SetDescriptor" href="resource.map#_Gu4FQSw4Eeyq-96bFbiw2A?fileId=_luus0CwxEeyq-96bFbiw2A$type=map?"/>
    <bendpoints xmi:type="notation:RelativeBendpoints" xmi:id="_Gvskoiw4Eeyq-96bFbiw2A" points="[0, 0, 0, 0]$[0, 0, 0, 0]"/>
  </edges>
  <edges xmi:type="notation:Edge" xmi:id="_QzQUQCw4Eeyq-96bFbiw2A" type="operatorLink" source="_QzOfEyw4Eeyq-96bFbiw2A" target="_QzOfEyw4Eeyq-96bFbiw2A">
    <element xmi:type="map:DataSet" href="resource.map#_FW7a4Cw4Eeyq-96bFbiw2A?fileId=_luus0CwxEeyq-96bFbiw2A$type=map?"/>
    <bendpoints xmi:type="notation:RelativeBendpoints" xmi:id="_QzQUQSw4Eeyq-96bFbiw2A" points="[0, 0, 0, 0]$[0, 0, 0, 0]"/>
  </edges>
  <edges xmi:type="notation:Edge" xmi:id="_eln38Cw4Eeyq-96bFbiw2A" type="targetLink" source="7882a984-e676-4294-87c0-a6a58f458ee5" target="_8D8zoiw3Eeyq-96bFbiw2A">
    <element xsi:nil="true"/>
    <bendpoints xmi:type="notation:RelativeBendpoints" xmi:id="_eln38Sw4Eeyq-96bFbiw2A" points="[-251, -54, 859, 182]$[-888, -189, 222, 47]"/>
  </edges>
  <edges xmi:type="notation:Edge" xmi:id="_eln38iw4Eeyq-96bFbiw2A" type="targetDataSetLink" source="7882a984-e676-4294-87c0-a6a58f458ee5" target="7882a984-e676-4294-87c0-a6a58f458ee5">
    <element xmi:type="map:DataSet" href="resource.map#__02SYCw3Eeyq-96bFbiw2A?fileId=_luus0CwxEeyq-96bFbiw2A$type=map?"/>
    <bendpoints xmi:type="notation:RelativeBendpoints" xmi:id="_eln38yw4Eeyq-96bFbiw2A" points="[0, 0, 0, 0]$[0, 0, 0, 0]"/>
  </edges>
  <edges xmi:type="notation:Edge" xmi:id="_elofACw4Eeyq-96bFbiw2A" type="targetSetLink" source="7882a984-e676-4294-87c0-a6a58f458ee5" target="7882a984-e676-4294-87c0-a6a58f458ee5">
    <element xmi:type="map:SetDescriptor" href="resource.map#_luv7NSwxEeyq-96bFbiw2A?fileId=_luus0CwxEeyq-96bFbiw2A$type=map?"/>
    <bendpoints xmi:type="notation:RelativeBendpoints" xmi:id="_elofASw4Eeyq-96bFbiw2A" points="[0, 0, 0, 0]$[0, 0, 0, 0]"/>
  </edges>
  <edges xmi:type="notation:Edge" xmi:id="_3D02wCw5Eeyq-96bFbiw2A" type="joinLink" source="_3DyagCw5Eeyq-96bFbiw2A" target="_b9CT1ywyEeyq-96bFbiw2A">
    <element xmi:type="map:DataSet" href="resource.map#_IVr5wCwyEeyq-96bFbiw2A?fileId=_luus0CwxEeyq-96bFbiw2A$type=map?"/>
    <bendpoints xmi:type="notation:RelativeBendpoints" xmi:id="_3D02wSw5Eeyq-96bFbiw2A" points="[0, 0, -499, -893]$[476, 853, -23, -40]"/>
  </edges>
  <edges xmi:type="notation:Edge" xmi:id="_3D02wiw5Eeyq-96bFbiw2A" type="joinLink" source="_3DyahSw5Eeyq-96bFbiw2A" target="_vYkioCw2Eeyq-96bFbiw2A">
    <element xmi:type="map:DataSet" href="resource.map#_IVr5wCwyEeyq-96bFbiw2A?fileId=_luus0CwxEeyq-96bFbiw2A$type=map?"/>
    <bendpoints xmi:type="notation:RelativeBendpoints" xmi:id="_3D02wyw5Eeyq-96bFbiw2A" points="[0, 0, -558, -389]$[501, 349, -57, -40]"/>
  </edges>
  <edges xmi:type="notation:Edge" xmi:id="_3D02xCw5Eeyq-96bFbiw2A" type="joinLink" source="_3Dyaiiw5Eeyq-96bFbiw2A" target="_FXn-ciw4Eeyq-96bFbiw2A">
    <element xmi:type="map:DataSet" href="resource.map#_IVr5wCwyEeyq-96bFbiw2A?fileId=_luus0CwxEeyq-96bFbiw2A$type=map?"/>
    <bendpoints xmi:type="notation:RelativeBendpoints" xmi:id="_3D02xSw5Eeyq-96bFbiw2A" points="[0, 0, -499, -517]$[460, 477, -39, -40]"/>
  </edges>
  <edges xmi:type="notation:Edge" xmi:id="_3dOOMCw5Eeyq-96bFbiw2A" type="targetLink" source="7882a984-e676-4294-87c0-a6a58f458ee5" target="_3dD2Iiw5Eeyq-96bFbiw2A">
    <element xsi:nil="true"/>
    <bendpoints xmi:type="notation:RelativeBendpoints" xmi:id="_3dOOMSw5Eeyq-96bFbiw2A" points="[-230, -60, 1767, 459]$[-1997, -519, 0, 0]"/>
  </edges>
  <edges xmi:type="notation:Edge" xmi:id="_3dOOMiw5Eeyq-96bFbiw2A" type="targetDataSetLink" source="7882a984-e676-4294-87c0-a6a58f458ee5" target="7882a984-e676-4294-87c0-a6a58f458ee5">
    <element xmi:type="map:DataSet" href="resource.map#_3cU2UCw5Eeyq-96bFbiw2A?fileId=_luus0CwxEeyq-96bFbiw2A$type=map?"/>
    <bendpoints xmi:type="notation:RelativeBendpoints" xmi:id="_3dOOMyw5Eeyq-96bFbiw2A" points="[0, 0, 0, 0]$[0, 0, 0, 0]"/>
  </edges>
  <edges xmi:type="notation:Edge" xmi:id="_3dOONCw5Eeyq-96bFbiw2A" type="targetSetLink" source="7882a984-e676-4294-87c0-a6a58f458ee5" target="7882a984-e676-4294-87c0-a6a58f458ee5">
    <element xmi:type="map:SetDescriptor" href="resource.map#_luv7NiwxEeyq-96bFbiw2A?fileId=_luus0CwxEeyq-96bFbiw2A$type=map?"/>
    <bendpoints xmi:type="notation:RelativeBendpoints" xmi:id="_3dOONSw5Eeyq-96bFbiw2A" points="[0, 0, 0, 0]$[0, 0, 0, 0]"/>
  </edges>
  <edges xmi:type="notation:Edge" xmi:id="_EUD9wCw6Eeyq-96bFbiw2A" type="joinLink" source="_EUCvoyw6Eeyq-96bFbiw2A" target="_3dD2Iiw5Eeyq-96bFbiw2A">
    <element xsi:nil="true"/>
    <bendpoints xmi:type="notation:RelativeBendpoints" xmi:id="_EUD9wSw6Eeyq-96bFbiw2A" points="[0, 0, -1689, -1088]$[1577, 1016, -112, -72]"/>
  </edges>
  <edges xmi:type="notation:Edge" xmi:id="_Kt4NQCw_Eeyq-96bFbiw2A" type="targetLink" source="7882a984-e676-4294-87c0-a6a58f458ee5" target="__1bhMiw3Eeyq-96bFbiw2A">
    <element xsi:nil="true"/>
    <bendpoints xmi:type="notation:RelativeBendpoints" xmi:id="_Kt4NQSw_Eeyq-96bFbiw2A" points="[-265, 153, 175, -101]$[-371, 214, 69, -40]"/>
  </edges>
</notation:Diagram>
]]></diagram>
</map:map>