<?xml version="1.0" encoding="UTF-8"?>
<map:map xmlns:map="http://www.indy.com/v2/map" id="_jkwDQCtaEeyq-96bFbiw2A" internalVersion="7" tech="resource.tech#_waYSMH8VEd2__Mzb_dB76A?fileId=_waYSMH8VEd2__Mzb_dB76A$type=tech$name=flow?">
  <datastore id="_kv95MCtaEeyq-96bFbiw2A" alias="F_VTE_KH" dataset="_kwCxsCtaEeyq-96bFbiw2A" ref="resource.md#_bqMqgSs5Eeyq-96bFbiw2A?fileId=_gLc6ECs3Eeyq-96bFbiw2A$type=md$name=F_VTE_KH?" subExpression="[A]">
    <field id="_kwAVcitaEeyq-96bFbiw2A" enable="true" insert="true" name="DT_COMPTA_K2" ref="resource.md#_bu6LYCs5Eeyq-96bFbiw2A?fileId=_gLc6ECs3Eeyq-96bFbiw2A$type=md$name=DT_COMPTA_K2?" update="true" updateKey="true">
      <expression id="_mC45oCtaEeyq-96bFbiw2A" setDescriptorRef="_mC4SkCtaEeyq-96bFbiw2A">
        <expression>O_VTE_KH.DT_COMPTA_K2</expression>
      </expression>
    </field>
    <field id="_kwA8gCtaEeyq-96bFbiw2A" enable="true" insert="true" name="ID_ENS" ref="resource.md#_bxnhICs5Eeyq-96bFbiw2A?fileId=_gLc6ECs3Eeyq-96bFbiw2A$type=md$name=ID_ENS?" update="true">
      <expression id="_mC45oStaEeyq-96bFbiw2A" setDescriptorRef="_mC4SkCtaEeyq-96bFbiw2A">
        <expression><![CDATA[case
	when O_VTE_KH.CD_ENS_K1='K'
		then 3
	else 4
end]]></expression>
      </expression>
    </field>
    <field id="_kwA8hytaEeyq-96bFbiw2A" enable="true" insert="true" name="CD_FLX_SRC_T" ref="resource.md#_b-RdECs5Eeyq-96bFbiw2A?fileId=_gLc6ECs3Eeyq-96bFbiw2A$type=md$name=CD_FLX_SRC_T?" update="true">
      <expression id="_mC45oitaEeyq-96bFbiw2A" setDescriptorRef="_mC4SkCtaEeyq-96bFbiw2A">
        <expression>O_VTE_KH.CD_FLX_SRC_T</expression>
      </expression>
    </field>
    <field id="_kwA8hitaEeyq-96bFbiw2A" enable="true" insert="true" name="CL_SIO_T" ref="resource.md#_b9TMsCs5Eeyq-96bFbiw2A?fileId=_gLc6ECs3Eeyq-96bFbiw2A$type=md$name=CL_SIO_T?" update="true">
      <expression id="_mC45oytaEeyq-96bFbiw2A" setDescriptorRef="_mC4SkCtaEeyq-96bFbiw2A">
        <expression>O_VTE_KH.CL_SIO_T</expression>
      </expression>
    </field>
    <field id="_kwA8hStaEeyq-96bFbiw2A" enable="true" insert="true" name="MT_MG_CPT" ref="resource.md#_b7cykCs5Eeyq-96bFbiw2A?fileId=_gLc6ECs3Eeyq-96bFbiw2A$type=md$name=MT_MG_CPT?" update="true">
      <expression id="_mC45pCtaEeyq-96bFbiw2A" setDescriptorRef="_mC4SkCtaEeyq-96bFbiw2A">
        <expression>O_VTE_KH.MT_MG_CPT</expression>
      </expression>
    </field>
    <field id="_kwBjkStaEeyq-96bFbiw2A" enable="true" insert="true" name="NO_TRT_T" ref="resource.md#_cEyUwCs5Eeyq-96bFbiw2A?fileId=_gLc6ECs3Eeyq-96bFbiw2A$type=md$name=NO_TRT_T?" update="true">
      <expression id="_mC45pStaEeyq-96bFbiw2A" location="TRG" setDescriptorRef="_mC4SkCtaEeyq-96bFbiw2A">
        <expression>1</expression>
      </expression>
    </field>
    <field id="_kwA8gytaEeyq-96bFbiw2A" enable="true" insert="true" name="ID_PAYS" ref="resource.md#_b0nKwCs5Eeyq-96bFbiw2A?fileId=_gLc6ECs3Eeyq-96bFbiw2A$type=md$name=ID_PAYS?" update="true">
      <expression id="_mC45pitaEeyq-96bFbiw2A" setDescriptorRef="_mC4SkCtaEeyq-96bFbiw2A">
        <expression><![CDATA[case
	when O_VTE_KH.CD_ENS_K1='K'
		then 3
	else 98
end]]></expression>
      </expression>
    </field>
    <field id="_kwAVcStaEeyq-96bFbiw2A" enable="true" insert="true" name="CD_ENS_K1" ref="resource.md#_bt3pkCs5Eeyq-96bFbiw2A?fileId=_gLc6ECs3Eeyq-96bFbiw2A$type=md$name=CD_ENS_K1?" update="true" updateKey="true">
      <expression id="_mC45pytaEeyq-96bFbiw2A" setDescriptorRef="_mC4SkCtaEeyq-96bFbiw2A">
        <expression><![CDATA[case
	when O_VTE_KH.CD_ENS_K1='K'
		then 'KREF'
	else 'HIFI'
end]]></expression>
      </expression>
    </field>
    <field id="_kwA8gitaEeyq-96bFbiw2A" name="ID_CDP" ref="resource.md#_bzoTUCs5Eeyq-96bFbiw2A?fileId=_gLc6ECs3Eeyq-96bFbiw2A$type=md$name=ID_CDP?">
      <expression id="_mC45qCtaEeyq-96bFbiw2A" setDescriptorRef="_mC4SkCtaEeyq-96bFbiw2A">
        <expression></expression>
      </expression>
    </field>
    <field id="_kwAVcytaEeyq-96bFbiw2A" enable="true" insert="true" name="CD_CAT_PRD_KH_K3" ref="resource.md#_bvn9ECs5Eeyq-96bFbiw2A?fileId=_gLc6ECs3Eeyq-96bFbiw2A$type=md$name=CD_CAT_PRD_KH_K3?" update="true" updateKey="true">
      <expression id="_mC45qStaEeyq-96bFbiw2A" setDescriptorRef="_mC4SkCtaEeyq-96bFbiw2A">
        <expression>O_VTE_KH.CD_CAT_PRD_KH_K3</expression>
      </expression>
    </field>
    <field id="_kwA8gStaEeyq-96bFbiw2A" enable="true" insert="true" name="ID_CAT_PRD_KH" ref="resource.md#_bypb4Cs5Eeyq-96bFbiw2A?fileId=_gLc6ECs3Eeyq-96bFbiw2A$type=md$name=ID_CAT_PRD_KH?" update="true">
      <expression id="_mC5gsCtaEeyq-96bFbiw2A" setDescriptorRef="_mC4SkCtaEeyq-96bFbiw2A">
        <expression>coalesce(D_CAT_PRD_KH.ID_CAT_PRD_KH, -2)</expression>
      </expression>
    </field>
    <field id="_kwAVcCtaEeyq-96bFbiw2A" enable="true" insert="true" name="ID_VTE_KH" ref="resource.md#_bswPQCs5Eeyq-96bFbiw2A?fileId=_gLc6ECs3Eeyq-96bFbiw2A$type=md$name=ID_VTE_KH?" update="false" updateKey="false">
      <expression id="_mC5gsStaEeyq-96bFbiw2A" location="TRG" setDescriptorRef="_mC4SkCtaEeyq-96bFbiw2A">
        <expression>${~/maxIdVte}$ + row_number() over (partition by 1 order by 1)</expression>
      </expression>
    </field>
    <field id="_kwA8hCtaEeyq-96bFbiw2A" enable="true" insert="true" name="MT_CA_CPT" ref="resource.md#_b1sv4Cs5Eeyq-96bFbiw2A?fileId=_gLc6ECs3Eeyq-96bFbiw2A$type=md$name=MT_CA_CPT?" update="true">
      <expression id="_mC5gsitaEeyq-96bFbiw2A" setDescriptorRef="_mC4SkCtaEeyq-96bFbiw2A">
        <expression>O_VTE_KH.MT_CA_CPT</expression>
      </expression>
    </field>
    <field id="_kwBjkCtaEeyq-96bFbiw2A" enable="true" insert="true" name="DT_MDF_T" ref="resource.md#_cD3uwCs5Eeyq-96bFbiw2A?fileId=_gLc6ECs3Eeyq-96bFbiw2A$type=md$name=DT_MDF_T?" update="true">
      <expression id="_mC5gsytaEeyq-96bFbiw2A" location="TRG" setDescriptorRef="_mC4SkCtaEeyq-96bFbiw2A">
        <expression>current_date</expression>
      </expression>
    </field>
    <constraint id="_kwBjkitaEeyq-96bFbiw2A" name="F_VTE_KH_PK" ref="resource.md#_cHd1UCs5Eeyq-96bFbiw2A?fileId=_gLc6ECs3Eeyq-96bFbiw2A$type=md$name=F_VTE_KH_PK?" reject="true"/>
    <constraint id="_NLfQViv7Eeyq-96bFbiw2A" name="FK_PAYS" ref="resource.md#_eok0cStrEeyq-96bFbiw2A?fileId=_gLc6ECs3Eeyq-96bFbiw2A$type=md$name=FK_PAYS?" reject="true"/>
    <constraint id="_NLfQVyv7Eeyq-96bFbiw2A" name="CK_DWH123_Montant" ref="resource.md#_aR3S5itrEeyq-96bFbiw2A?fileId=_gLc6ECs3Eeyq-96bFbiw2A$type=md$name=CK_DWH123_Montant?" reject="true"/>
    <setDescriptor id="_mC4SkCtaEeyq-96bFbiw2A" label="A"/>
  </datastore>
  <datastore id="_lQvrACtaEeyq-96bFbiw2A" alias="O_VTE_KH" dataset="_H-uF8CtbEeyq-96bFbiw2A" ref="resource.md#_-ZtL8Ss4Eeyq-96bFbiw2A?fileId=_gLc6ECs3Eeyq-96bFbiw2A$type=md$name=O_VTE_KH?">
    <field id="_lQwSEStaEeyq-96bFbiw2A" fullAlias="CD_ENS_K1" name="CD_ENS_K1" ref="resource.md#_-bxogCs4Eeyq-96bFbiw2A?fileId=_gLc6ECs3Eeyq-96bFbiw2A$type=md$name=CD_ENS_K1?"/>
    <field id="_lQw5JCtaEeyq-96bFbiw2A" fullAlias="CL_SIO_T" name="CL_SIO_T" ref="resource.md#_-gV_cCs4Eeyq-96bFbiw2A?fileId=_gLc6ECs3Eeyq-96bFbiw2A$type=md$name=CL_SIO_T?" updateKey="true"/>
    <field id="_lQw5ICtaEeyq-96bFbiw2A" fullAlias="DT_COMPTA_K2" name="DT_COMPTA_K2" ref="resource.md#_-cjEkCs4Eeyq-96bFbiw2A?fileId=_gLc6ECs3Eeyq-96bFbiw2A$type=md$name=DT_COMPTA_K2?"/>
    <field id="_lQw5IStaEeyq-96bFbiw2A" fullAlias="CD_CAT_PRD_KH_K3" name="CD_CAT_PRD_KH_K3" ref="resource.md#_-dOaACs4Eeyq-96bFbiw2A?fileId=_gLc6ECs3Eeyq-96bFbiw2A$type=md$name=CD_CAT_PRD_KH_K3?"/>
    <field id="_lQw5IytaEeyq-96bFbiw2A" fullAlias="MT_MG_CPT" name="MT_MG_CPT" ref="resource.md#_-fGCQCs4Eeyq-96bFbiw2A?fileId=_gLc6ECs3Eeyq-96bFbiw2A$type=md$name=MT_MG_CPT?"/>
    <field id="_lQxgMStaEeyq-96bFbiw2A" name="NO_TRT_RCP_T" ref="resource.md#_-jNGMCs4Eeyq-96bFbiw2A?fileId=_gLc6ECs3Eeyq-96bFbiw2A$type=md$name=NO_TRT_RCP_T?"/>
    <field id="_lQw5IitaEeyq-96bFbiw2A" fullAlias="MT_CA_CPT" name="MT_CA_CPT" ref="resource.md#_-ePtsCs4Eeyq-96bFbiw2A?fileId=_gLc6ECs3Eeyq-96bFbiw2A$type=md$name=MT_CA_CPT?"/>
    <field id="_lQxgMCtaEeyq-96bFbiw2A" name="DT_RCP_T" ref="resource.md#_-iZN4Cs4Eeyq-96bFbiw2A?fileId=_gLc6ECs3Eeyq-96bFbiw2A$type=md$name=DT_RCP_T?"/>
    <field id="_lQw5JStaEeyq-96bFbiw2A" fullAlias="CD_FLX_SRC_T" name="CD_FLX_SRC_T" ref="resource.md#_-hl8oCs4Eeyq-96bFbiw2A?fileId=_gLc6ECs3Eeyq-96bFbiw2A$type=md$name=CD_FLX_SRC_T?"/>
    <constraint id="_lQxgMitaEeyq-96bFbiw2A" name="CK_DWH123_MT_CA_CPT" ref="resource.md#_nLN1pCtEEeyq-96bFbiw2A?fileId=_gLc6ECs3Eeyq-96bFbiw2A$type=md$name=CK_DWH123_MT_CA_CPT?" reject="true"/>
    <constraint id="_lQxgMytaEeyq-96bFbiw2A" name="O_VTE_KH_PK" ref="resource.md#_-k9ZsCs4Eeyq-96bFbiw2A?fileId=_gLc6ECs3Eeyq-96bFbiw2A$type=md$name=O_VTE_KH_PK?" reject="true"/>
  </datastore>
  <datastore id="_H-rpsCtbEeyq-96bFbiw2A" alias="D_CAT_PRD_KH" dataset="_H-uF8CtbEeyq-96bFbiw2A" ref="resource.md#_cI4xoCs5Eeyq-96bFbiw2A?fileId=_gLc6ECs3Eeyq-96bFbiw2A$type=md$name=D_CAT_PRD_KH?">
    <field id="_H-sQwitbEeyq-96bFbiw2A" name="LL_ENS" ref="resource.md#_cR7Y4Cs5Eeyq-96bFbiw2A?fileId=_gLc6ECs3Eeyq-96bFbiw2A$type=md$name=LL_ENS?"/>
    <field id="_H-s30ytbEeyq-96bFbiw2A" name="NO_TRT_T" ref="resource.md#_cWVXwCs5Eeyq-96bFbiw2A?fileId=_gLc6ECs3Eeyq-96bFbiw2A$type=md$name=NO_TRT_T?"/>
    <field id="_H-s30itbEeyq-96bFbiw2A" name="DT_MDF_T" ref="resource.md#_cVNWYCs5Eeyq-96bFbiw2A?fileId=_gLc6ECs3Eeyq-96bFbiw2A$type=md$name=DT_MDF_T?"/>
    <field id="_H-sQwCtbEeyq-96bFbiw2A" name="ID_ENS" ref="resource.md#_cPtyYCs5Eeyq-96bFbiw2A?fileId=_gLc6ECs3Eeyq-96bFbiw2A$type=md$name=ID_ENS?" updateKey="true"/>
    <field id="_H-sQwStbEeyq-96bFbiw2A" name="CD_ENS_K1" ref="resource.md#_cQufACs5Eeyq-96bFbiw2A?fileId=_gLc6ECs3Eeyq-96bFbiw2A$type=md$name=CD_ENS_K1?"/>
    <field id="_H-s30StbEeyq-96bFbiw2A" name="CD_FLX_SRC_T" ref="resource.md#_cT2EcCs5Eeyq-96bFbiw2A?fileId=_gLc6ECs3Eeyq-96bFbiw2A$type=md$name=CD_FLX_SRC_T?"/>
    <field id="_H-s30CtbEeyq-96bFbiw2A" name="CL_SIO_T" ref="resource.md#_cTA-ACs5Eeyq-96bFbiw2A?fileId=_gLc6ECs3Eeyq-96bFbiw2A$type=md$name=CL_SIO_T?"/>
    <field id="_eI-hoCtbEeyq-96bFbiw2A" fullAlias="ID_CAT_PRD_KH" name="ID_CAT_PRD_KH" ref="resource.md#_dLx5kCtbEeyq-96bFbiw2A?fileId=_gLc6ECs3Eeyq-96bFbiw2A$type=md$name=ID_CAT_PRD_KH?" updateKey="true"/>
    <field id="_eI_IsStbEeyq-96bFbiw2A" name="LL_CAT_PRD_KH" ref="resource.md#_dOAHICtbEeyq-96bFbiw2A?fileId=_gLc6ECs3Eeyq-96bFbiw2A$type=md$name=LL_CAT_PRD_KH?"/>
    <field id="_eI_IsCtbEeyq-96bFbiw2A" fullAlias="CD_CAT_PRD_KH" name="CD_CAT_PRD_KH" ref="resource.md#_dMr4gCtbEeyq-96bFbiw2A?fileId=_gLc6ECs3Eeyq-96bFbiw2A$type=md$name=CD_CAT_PRD_KH?"/>
    <constraint id="_H-s31CtbEeyq-96bFbiw2A" name="D_CAT_PRD_KH_PK" ref="resource.md#_cYcQkCs5Eeyq-96bFbiw2A?fileId=_gLc6ECs3Eeyq-96bFbiw2A$type=md$name=D_CAT_PRD_KH_PK?" reject="true"/>
  </datastore>
  <join id="_JYi_oCtbEeyq-96bFbiw2A" location="SRC" joinType="Left_Join" left="_lQvrACtaEeyq-96bFbiw2A" order="10" right="_H-rpsCtbEeyq-96bFbiw2A">
    <expression>D_CAT_PRD_KH.CD_CAT_PRD_KH = O_VTE_KH.CD_CAT_PRD_KH_K3</expression>
  </join>
  <template id="_mC6HxitaEeyq-96bFbiw2A" name="I_F_VTE_KH" process="resource.proc#_aMHAYdgzEeici9fSMS5KFg?fileId=_aMHAYdgzEeici9fSMS5KFg$type=proc$name=INTEGRATION%20Snowflake.tp?" targetId="_kv95MCtaEeyq-96bFbiw2A">
    <parameter id="_Ey3GkCteEeyq-96bFbiw2A" name="incrementalMethod" value="insertUpdate"/>
  </template>
  <dataSet id="_kwCxsCtaEeyq-96bFbiw2A">
    <container>_kv95MCtaEeyq-96bFbiw2A</container>
  </dataSet>
  <dataSet id="_H-uF8CtbEeyq-96bFbiw2A">
    <container>_H-rpsCtbEeyq-96bFbiw2A</container>
    <container>_lQvrACtaEeyq-96bFbiw2A</container>
  </dataSet>
  <hint>
    <usedField>#_lQwSEStaEeyq-96bFbiw2A</usedField>
    <usedField>#_lQw5JCtaEeyq-96bFbiw2A</usedField>
    <usedField>#_lQw5ICtaEeyq-96bFbiw2A</usedField>
    <usedField>#_lQw5IStaEeyq-96bFbiw2A</usedField>
    <usedField>#_lQw5IytaEeyq-96bFbiw2A</usedField>
    <usedField>#_lQw5IitaEeyq-96bFbiw2A</usedField>
    <usedField>#_lQw5JStaEeyq-96bFbiw2A</usedField>
    <usedField>#_eI-hoCtbEeyq-96bFbiw2A</usedField>
    <usedField>#_eI_IsCtbEeyq-96bFbiw2A</usedField>
  </hint>
  <diagram><![CDATA[<?xml version="1.0" encoding="UTF-8"?>
<notation:Diagram xmi:version="2.0" xmlns:xmi="http://www.omg.org/XMI" xmlns:xsi="http://www.w3.org/2001/XMLSchema-instance" xmlns:map="http://www.indy.com/v2/map" xmlns:notation="http://www.eclipse.org/gmf/runtime/1.0.1/notation" xsi:schemaLocation="http://www.eclipse.org/gmf/runtime/1.0.1/notation " xmi:id="_jmg90CtaEeyq-96bFbiw2A" type="Map" measurementUnit="Pixel">
  <children xmi:type="notation:Node" xmi:id="_JY6MACtbEeyq-96bFbiw2A" type="2005">
    <styles xmi:type="notation:DescriptionStyle" xmi:id="_JY6MAStbEeyq-96bFbiw2A"/>
    <styles xmi:type="notation:FontStyle" xmi:id="_JY6MAitbEeyq-96bFbiw2A" fontName="Segoe UI"/>
    <styles xmi:type="notation:FillStyle" xmi:id="_JY6MAytbEeyq-96bFbiw2A"/>
    <element xmi:type="map:Join" href="resource.map#_JYi_oCtbEeyq-96bFbiw2A?fileId=_jkwDQCtaEeyq-96bFbiw2A$type=map?"/>
    <layoutConstraint xmi:type="notation:Bounds" xmi:id="_JY6MBCtbEeyq-96bFbiw2A" x="315" y="247"/>
  </children>
  <children xmi:type="notation:Shape" xmi:id="_lQz8cCtaEeyq-96bFbiw2A" type="2004" fontName="Segoe UI">
    <children xmi:type="notation:DecorationNode" xmi:id="_lQz8citaEeyq-96bFbiw2A" type="5005"/>
    <children xmi:type="notation:DecorationNode" xmi:id="_lQz8cytaEeyq-96bFbiw2A" type="5007"/>
    <children xmi:type="notation:DecorationNode" xmi:id="_lQz8dCtaEeyq-96bFbiw2A" type="7003"/>
    <children xmi:type="notation:DecorationNode" xmi:id="_lQz8dStaEeyq-96bFbiw2A" type="7009"/>
    <children xmi:type="notation:BasicCompartment" xmi:id="_lQz8ditaEeyq-96bFbiw2A" type="7004">
      <styles xmi:type="notation:SortingStyle" xmi:id="_lQz8dytaEeyq-96bFbiw2A"/>
      <styles xmi:type="notation:FilteringStyle" xmi:id="_lQz8eCtaEeyq-96bFbiw2A"/>
    </children>
    <children xmi:type="notation:DecorationNode" xmi:id="_lQz8eStaEeyq-96bFbiw2A" type="5009">
      <styles xmi:type="notation:DrawerStyle" xmi:id="_lQz8eitaEeyq-96bFbiw2A"/>
    </children>
    <children xmi:type="notation:DecorationNode" xmi:id="_lQz8eytaEeyq-96bFbiw2A" type="7005">
      <styles xmi:type="notation:SortingStyle" xmi:id="_lQz8fCtaEeyq-96bFbiw2A"/>
      <styles xmi:type="notation:FilteringStyle" xmi:id="_lQz8fStaEeyq-96bFbiw2A"/>
    </children>
    <children xmi:type="notation:BasicCompartment" xmi:id="_lQz8fitaEeyq-96bFbiw2A" type="7007"/>
    <element xmi:type="map:Datastore" href="resource.map#_lQvrACtaEeyq-96bFbiw2A?fileId=_jkwDQCtaEeyq-96bFbiw2A$type=map?"/>
    <layoutConstraint xmi:type="notation:Bounds" xmi:id="_lQz8cStaEeyq-96bFbiw2A" x="30" y="30"/>
  </children>
  <children xmi:type="notation:Shape" xmi:id="_H-0MkCtbEeyq-96bFbiw2A" type="2004" fontName="Segoe UI">
    <children xmi:type="notation:DecorationNode" xmi:id="_H-0zoCtbEeyq-96bFbiw2A" type="5005"/>
    <children xmi:type="notation:DecorationNode" xmi:id="_H-0zoStbEeyq-96bFbiw2A" type="5007"/>
    <children xmi:type="notation:DecorationNode" xmi:id="_H-0zoitbEeyq-96bFbiw2A" type="7003"/>
    <children xmi:type="notation:DecorationNode" xmi:id="_H-0zoytbEeyq-96bFbiw2A" type="7009"/>
    <children xmi:type="notation:BasicCompartment" xmi:id="_H-0zpCtbEeyq-96bFbiw2A" type="7004">
      <styles xmi:type="notation:SortingStyle" xmi:id="_H-0zpStbEeyq-96bFbiw2A"/>
      <styles xmi:type="notation:FilteringStyle" xmi:id="_H-0zpitbEeyq-96bFbiw2A"/>
    </children>
    <children xmi:type="notation:DecorationNode" xmi:id="_H-0zpytbEeyq-96bFbiw2A" type="5009">
      <styles xmi:type="notation:DrawerStyle" xmi:id="_H-0zqCtbEeyq-96bFbiw2A"/>
    </children>
    <children xmi:type="notation:DecorationNode" xmi:id="_H-0zqStbEeyq-96bFbiw2A" type="7005">
      <styles xmi:type="notation:SortingStyle" xmi:id="_H-0zqitbEeyq-96bFbiw2A"/>
      <styles xmi:type="notation:FilteringStyle" xmi:id="_H-0zqytbEeyq-96bFbiw2A"/>
    </children>
    <children xmi:type="notation:BasicCompartment" xmi:id="_H-0zrCtbEeyq-96bFbiw2A" type="7007"/>
    <element xmi:type="map:Datastore" href="resource.map#_H-rpsCtbEeyq-96bFbiw2A?fileId=_jkwDQCtaEeyq-96bFbiw2A$type=map?"/>
    <layoutConstraint xmi:type="notation:Bounds" xmi:id="_H-0MkStbEeyq-96bFbiw2A" x="30" y="313"/>
  </children>
  <children xmi:type="notation:Shape" xmi:id="_kwFN8CtaEeyq-96bFbiw2A" type="2004" fontName="Segoe UI">
    <children xmi:type="notation:DecorationNode" xmi:id="_kwFN8itaEeyq-96bFbiw2A" type="5005"/>
    <children xmi:type="notation:DecorationNode" xmi:id="_kwFN8ytaEeyq-96bFbiw2A" type="5007"/>
    <children xmi:type="notation:DecorationNode" xmi:id="_kwFN9CtaEeyq-96bFbiw2A" type="7003"/>
    <children xmi:type="notation:DecorationNode" xmi:id="_kwFN9StaEeyq-96bFbiw2A" type="7009"/>
    <children xmi:type="notation:BasicCompartment" xmi:id="_kwFN9itaEeyq-96bFbiw2A" type="7004">
      <styles xmi:type="notation:SortingStyle" xmi:id="_kwFN9ytaEeyq-96bFbiw2A"/>
      <styles xmi:type="notation:FilteringStyle" xmi:id="_kwFN-CtaEeyq-96bFbiw2A"/>
    </children>
    <children xmi:type="notation:DecorationNode" xmi:id="_kwFN-StaEeyq-96bFbiw2A" type="5009">
      <styles xmi:type="notation:DrawerStyle" xmi:id="_kwFN-itaEeyq-96bFbiw2A"/>
    </children>
    <children xmi:type="notation:DecorationNode" xmi:id="_kwFN-ytaEeyq-96bFbiw2A" type="7005">
      <styles xmi:type="notation:SortingStyle" xmi:id="_kwFN_CtaEeyq-96bFbiw2A"/>
      <styles xmi:type="notation:FilteringStyle" xmi:id="_kwFN_StaEeyq-96bFbiw2A"/>
    </children>
    <children xmi:type="notation:BasicCompartment" xmi:id="_kwFN_itaEeyq-96bFbiw2A" type="7007"/>
    <element xmi:type="map:Datastore" href="resource.map#_kv95MCtaEeyq-96bFbiw2A?fileId=_jkwDQCtaEeyq-96bFbiw2A$type=map?"/>
    <layoutConstraint xmi:type="notation:Bounds" xmi:id="_kwFN8StaEeyq-96bFbiw2A" x="409" y="98"/>
  </children>
  <styles xmi:type="notation:DiagramStyle" xmi:id="_jmg90StaEeyq-96bFbiw2A"/>
  <element xmi:type="map:Map" href="resource.map#_jkwDQCtaEeyq-96bFbiw2A?fileId=_jkwDQCtaEeyq-96bFbiw2A$type=map$name=Load%20F_VTE_KH?"/>
  <edges xmi:type="notation:Edge" xmi:id="_mC9yICtaEeyq-96bFbiw2A" type="targetLink" source="_kwFN8CtaEeyq-96bFbiw2A" target="_lQz8cCtaEeyq-96bFbiw2A">
    <element xsi:nil="true"/>
    <bendpoints xmi:type="notation:RelativeBendpoints" xmi:id="_mC9yIStaEeyq-96bFbiw2A" points="[0, 0, 154, 0]$[-154, 0, 0, 0]"/>
    <sourceAnchor xmi:type="notation:IdentityAnchor" xmi:id="_VDjYhiv7Eeyq-96bFbiw2A" id="(0.0,0.32507739938080493)"/>
    <targetAnchor xmi:type="notation:IdentityAnchor" xmi:id="_VDjYhyv7Eeyq-96bFbiw2A" id="(1.0,0.7757847533632287)"/>
  </edges>
  <edges xmi:type="notation:Edge" xmi:id="_mC_AQCtaEeyq-96bFbiw2A" type="targetSetLink" source="_kwFN8CtaEeyq-96bFbiw2A" target="_kwFN8CtaEeyq-96bFbiw2A">
    <element xmi:type="map:SetDescriptor" href="resource.map#_mC4SkCtaEeyq-96bFbiw2A?fileId=_jkwDQCtaEeyq-96bFbiw2A$type=map?"/>
    <bendpoints xmi:type="notation:RelativeBendpoints" xmi:id="_mC_AQStaEeyq-96bFbiw2A" points="[0, 0, 0, 0]$[0, 0, 0, 0]"/>
  </edges>
  <edges xmi:type="notation:Edge" xmi:id="_JZCH0CtbEeyq-96bFbiw2A" type="joinLink" source="_JY6MACtbEeyq-96bFbiw2A" target="_lQz8cCtaEeyq-96bFbiw2A">
    <element xsi:nil="true"/>
    <bendpoints xmi:type="notation:RelativeBendpoints" xmi:id="_JZCH0StbEeyq-96bFbiw2A" points="[17, 0, 212, 103]$[77, 0, 272, 103]"/>
    <sourceAnchor xmi:type="notation:IdentityAnchor" xmi:id="_VDjYgiv7Eeyq-96bFbiw2A" id="(1.0,0.48)"/>
    <targetAnchor xmi:type="notation:IdentityAnchor" xmi:id="_VDjYgyv7Eeyq-96bFbiw2A" id="(1.0,0.8878923766816144)"/>
  </edges>
  <edges xmi:type="notation:Edge" xmi:id="_JZCH0itbEeyq-96bFbiw2A" type="joinLink" source="_JY6MACtbEeyq-96bFbiw2A" target="_H-0MkCtbEeyq-96bFbiw2A">
    <element xsi:nil="true"/>
    <bendpoints xmi:type="notation:RelativeBendpoints" xmi:id="_JZCH0ytbEeyq-96bFbiw2A" points="[17, 0, 179, -205]$[77, 0, 239, -205]"/>
    <sourceAnchor xmi:type="notation:IdentityAnchor" xmi:id="_VDjYgCv7Eeyq-96bFbiw2A" id="(1.0,0.48)"/>
    <targetAnchor xmi:type="notation:IdentityAnchor" xmi:id="_VDjYgSv7Eeyq-96bFbiw2A" id="(1.0,0.3333333333333333)"/>
  </edges>
  <edges xmi:type="notation:Edge" xmi:id="_JZCu4CtbEeyq-96bFbiw2A" type="targetDataSetLink" source="_kwFN8CtaEeyq-96bFbiw2A" target="_kwFN8CtaEeyq-96bFbiw2A">
    <element xmi:type="map:DataSet" href="resource.map#_H-uF8CtbEeyq-96bFbiw2A?fileId=_jkwDQCtaEeyq-96bFbiw2A$type=map?"/>
    <bendpoints xmi:type="notation:RelativeBendpoints" xmi:id="_JZCu4StbEeyq-96bFbiw2A" points="[0, 0, 0, 0]$[0, 0, 0, 0]"/>
  </edges>
  <edges xmi:type="notation:Edge" xmi:id="_kFF6wCtbEeyq-96bFbiw2A" type="targetLink" source="_kwFN8CtaEeyq-96bFbiw2A" target="_H-0MkCtbEeyq-96bFbiw2A">
    <element xsi:nil="true"/>
    <bendpoints xmi:type="notation:RelativeBendpoints" xmi:id="_kFF6wStbEeyq-96bFbiw2A" points="[0, 0, 178, -135]$[-178, 135, 0, 0]"/>
    <sourceAnchor xmi:type="notation:IdentityAnchor" xmi:id="_VDjYiCv7Eeyq-96bFbiw2A" id="(0.0,0.7492260061919505)"/>
    <targetAnchor xmi:type="notation:IdentityAnchor" xmi:id="_VDjYiSv7Eeyq-96bFbiw2A" id="(1.0,0.6666666666666666)"/>
  </edges>
</notation:Diagram>
]]></diagram>
</map:map>